
===========================================================================
 report_power
============================================================================
======================= max_ss_100C_1v60 Corner ===================================

Group                    Internal    Switching      Leakage        Total
                            Power        Power        Power        Power (Watts)
------------------------------------------------------------------------
Sequential           5.357275e-03 1.162786e-03 2.212314e-05 6.542184e-03  41.1%
Combinational        2.091856e-03 3.351541e-03 3.334619e-05 5.476743e-03  34.4%
Clock                1.724757e-03 2.172292e-03 3.007416e-06 3.900056e-03  24.5%
Macro                0.000000e+00 0.000000e+00 0.000000e+00 0.000000e+00   0.0%
Pad                  0.000000e+00 0.000000e+00 0.000000e+00 0.000000e+00   0.0%
------------------------------------------------------------------------
Total                9.173900e-03 6.686625e-03 5.847457e-05 1.591900e-02 100.0%
                            57.6%        42.0%         0.4%

