OpenROAD edf00dff99f6c40d67a30c0e22a8191c5d2ed9d6 
Features included (+) or not (-): +Charts +GPU +GUI +Python
This program is licensed under the BSD-3 license. See the LICENSE file for details.
Components of this program may be licensed under more restrictive licenses which must be honored.
[INFO] Stage 5: Clock Tree Synthesis — Power Optimized
[INFO] Loading placement database...
[INFO] Reading SDC constraints...
[INFO] Running Clock Tree Synthesis...
[INFO CTS-0050] Root buffer is sky130_fd_sc_hd__clkbuf_4.
[INFO CTS-0051] Sink buffer is sky130_fd_sc_hd__clkbuf_4.
[INFO CTS-0052] The following clock buffers will be used for CTS:
                    sky130_fd_sc_hd__clkbuf_1
                    sky130_fd_sc_hd__clkbuf_2
                    sky130_fd_sc_hd__clkbuf_4
[INFO CTS-0049] Characterization buffer is sky130_fd_sc_hd__clkbuf_4.
[INFO CTS-0001] Running TritonCTS with user-specified clock roots: resetn clk.
[INFO CTS-0095] Net "clk" found.
[INFO CTS-0010]  Clock net "clk" has 13136 sinks.
[INFO CTS-0095] Net "resetn" found.
[INFO CTS-0010]  Clock net "resetn" has 2837 sinks.
[INFO CTS-0008] TritonCTS found 2 clock nets.
[INFO CTS-0097] Characterization used 3 buffer(s) types.
[INFO CTS-0200] 0 placement blockages have been identified.
[INFO CTS-0201] 0 placed hard macros will be treated like blockages.
[INFO CTS-0027] Generating H-Tree topology for net clk.
[INFO CTS-0028]  Total number of sinks: 13136.
[INFO CTS-0029]  Sinks will be clustered in groups of up to 8 and with maximum cluster diameter of 50.0 um.
[INFO CTS-0030]  Number of static layers: 0.
[INFO CTS-0020]  Wire segment unit: 13600  dbu (13 um).
[INFO CTS-0204] A clustering solution was found from clustering size of 8 and clustering diameter of 50.
[INFO CTS-0205] Better solution may be possible if either -sink_clustering_size, -sink_clustering_max_diameter, or both options are omitted to enable automatic clustering.
[INFO CTS-0019]  Total number of sinks after clustering: 1716.
[INFO CTS-0024]  Normalized sink region: [(5.72298, 5.20634), (110.926, 86.35)].
[INFO CTS-0025]     Width:  105.2032.
[INFO CTS-0026]     Height: 81.1436.
 Level 1
    Direction: Horizontal
    Sinks per sub-region: 858
    Sub-region size: 52.6016 X 81.1436
[INFO CTS-0034]     Segment length (rounded): 26.
 Level 2
    Direction: Vertical
    Sinks per sub-region: 429
    Sub-region size: 52.6016 X 40.5718
[INFO CTS-0034]     Segment length (rounded): 20.
 Level 3
    Direction: Horizontal
    Sinks per sub-region: 215
    Sub-region size: 26.3008 X 40.5718
[INFO CTS-0034]     Segment length (rounded): 14.
 Level 4
    Direction: Vertical
    Sinks per sub-region: 108
    Sub-region size: 26.3008 X 20.2859
[INFO CTS-0034]     Segment length (rounded): 10.
 Level 5
    Direction: Horizontal
    Sinks per sub-region: 54
    Sub-region size: 13.1504 X 20.2859
[INFO CTS-0034]     Segment length (rounded): 6.
 Level 6
    Direction: Vertical
    Sinks per sub-region: 27
    Sub-region size: 13.1504 X 10.1430
[INFO CTS-0034]     Segment length (rounded): 6.
 Level 7
    Direction: Horizontal
    Sinks per sub-region: 14
    Sub-region size: 6.5752 X 10.1430
[INFO CTS-0034]     Segment length (rounded): 4.
[INFO CTS-0032]  Stop criterion found. Max number of sinks is 15.
[INFO CTS-0035]  Number of sinks covered: 1716.
[INFO CTS-0200] 0 placement blockages have been identified.
[INFO CTS-0201] 0 placed hard macros will be treated like blockages.
[INFO CTS-0027] Generating H-Tree topology for net resetn.
[INFO CTS-0028]  Total number of sinks: 2837.
[INFO CTS-0029]  Sinks will be clustered in groups of up to 8 and with maximum cluster diameter of 50.0 um.
[INFO CTS-0030]  Number of static layers: 0.
[INFO CTS-0020]  Wire segment unit: 13600  dbu (13 um).
[INFO CTS-0204] A clustering solution was found from clustering size of 8 and clustering diameter of 50.
[INFO CTS-0205] Better solution may be possible if either -sink_clustering_size, -sink_clustering_max_diameter, or both options are omitted to enable automatic clustering.
[INFO CTS-0019]  Total number of sinks after clustering: 404.
[INFO CTS-0024]  Normalized sink region: [(9.49136, 5.91544), (67.4886, 86.1006)].
[INFO CTS-0025]     Width:  57.9972.
[INFO CTS-0026]     Height: 80.1851.
 Level 1
    Direction: Vertical
    Sinks per sub-region: 202
    Sub-region size: 57.9972 X 40.0926
[INFO CTS-0034]     Segment length (rounded): 20.
 Level 2
    Direction: Horizontal
    Sinks per sub-region: 101
    Sub-region size: 28.9986 X 40.0926
[INFO CTS-0034]     Segment length (rounded): 14.
 Level 3
    Direction: Vertical
    Sinks per sub-region: 51
    Sub-region size: 28.9986 X 20.0463
[INFO CTS-0034]     Segment length (rounded): 10.
 Level 4
    Direction: Horizontal
    Sinks per sub-region: 26
    Sub-region size: 14.4993 X 20.0463
[INFO CTS-0034]     Segment length (rounded): 8.
 Level 5
    Direction: Vertical
    Sinks per sub-region: 13
    Sub-region size: 14.4993 X 10.0231
[INFO CTS-0034]     Segment length (rounded): 6.
[INFO CTS-0032]  Stop criterion found. Max number of sinks is 15.
[INFO CTS-0035]  Number of sinks covered: 404.
[INFO CTS-0018]     Created 1883 clock buffers.
[INFO CTS-0012]     Minimum number of buffers in the clock path: 5.
[INFO CTS-0013]     Maximum number of buffers in the clock path: 6.
[INFO CTS-0015]     Created 1883 clock nets.
[INFO CTS-0016]     Fanout distribution for the current clock = 2:17, 3:11, 4:21, 5:43, 6:52, 7:100, 8:1481, 9:6, 10:8, 11:13, 12:11, 13:4, 14:12, 15:20, 16:18, 17:14, 18:4, 19:5..
[INFO CTS-0017]     Max level of the clock tree: 7.
[INFO CTS-0018]     Created 450 clock buffers.
[INFO CTS-0012]     Minimum number of buffers in the clock path: 4.
[INFO CTS-0013]     Maximum number of buffers in the clock path: 5.
[INFO CTS-0015]     Created 450 clock nets.
[INFO CTS-0016]     Fanout distribution for the current clock = 2:13, 3:14, 4:23, 5:21, 6:20, 7:14, 8:299, 10:5, 11:1, 12:5, 13:2, 14:4, 16:1, 17:1, 18:2, 19:2, 24:1, 25:1..
[INFO CTS-0017]     Max level of the clock tree: 5.
[INFO CTS-0098] Clock net "clk"
[INFO CTS-0099]  Sinks 13501
[INFO CTS-0100]  Leaf buffers 1712
[INFO CTS-0101]  Average sink wire length 1877.23 um
[INFO CTS-0102]  Path depth 5 - 6
[INFO CTS-0207]  Leaf load cells 496
[INFO CTS-0098] Clock net "resetn"
[INFO CTS-0099]  Sinks 2968
[INFO CTS-0100]  Leaf buffers 397
[INFO CTS-0101]  Average sink wire length 1560.70 um
[INFO CTS-0102]  Path depth 4 - 5
[INFO CTS-0207]  Leaf load cells 496
[WARNING RSZ-0021] no estimated parasitics. Using wire load models.
[INFO RSZ-0046] Found 13131 endpoints with hold violations.
[INFO RSZ-0032] Inserted 55607 hold buffers.
[WARNING DPL-0037] Use remove_fillers before detailed placement.
[INFO DPL-0034] Detailed placement failed on the following 55104 instances:
[INFO DPL-0035]  FILLER_542_4
[INFO DPL-0035]  hold995
[INFO DPL-0035]  hold995
[INFO DPL-0035]  hold995
[INFO DPL-0035]  hold30122
[INFO DPL-0035]  hold50589
[INFO DPL-0035]  hold26349
[INFO DPL-0035]  hold26349
[INFO DPL-0035]  hold26349
[INFO DPL-0035]  hold52005
[INFO DPL-0035]  hold52005
[INFO DPL-0035]  hold2782
[INFO DPL-0035]  hold2782
[INFO DPL-0035]  FILLER_306_1877
[INFO DPL-0035]  FILLER_303_1895
[INFO DPL-0035]  FILLER_303_1895
[INFO DPL-0035]  hold43712
[INFO DPL-0035]  hold43712
[INFO DPL-0035]  FILLER_315_1827
[INFO DPL-0035]  FILLER_315_1827
[INFO DPL-0035]  hold33561
[INFO DPL-0035]  hold38237
[INFO DPL-0035]  hold38237
[INFO DPL-0035]  hold38237
[INFO DPL-0035]  hold33560
[INFO DPL-0035]  hold33560
[INFO DPL-0035]  hold31002
[INFO DPL-0035]  hold51263
[INFO DPL-0035]  hold55006
[INFO DPL-0035]  hold31052
[INFO DPL-0035]  hold31052
[INFO DPL-0035]  hold54487
[INFO DPL-0035]  FILLER_281_1599
[INFO DPL-0035]  hold52003
[INFO DPL-0035]  hold2347
[INFO DPL-0035]  hold2347
[INFO DPL-0035]  hold5933
[INFO DPL-0035]  hold5933
[INFO DPL-0035]  hold5933
[INFO DPL-0035]  hold5933
[INFO DPL-0035]  FILLER_275_1633
[INFO DPL-0035]  hold25852
[INFO DPL-0035]  hold25852
[INFO DPL-0035]  hold48710
[INFO DPL-0035]  FILLER_307_1589
[INFO DPL-0035]  hold54910
[INFO DPL-0035]  hold51113
[INFO DPL-0035]  FILLER_276_1854
[INFO DPL-0035]  FILLER_277_1860
[INFO DPL-0035]  hold48931
[INFO DPL-0035]  FILLER_310_1606
[INFO DPL-0035]  hold25479
[INFO DPL-0035]  hold32612
[INFO DPL-0035]  hold24144
[INFO DPL-0035]  hold1830
[INFO DPL-0035]  hold32613
[INFO DPL-0035]  hold47961
[INFO DPL-0035]  hold51048
[INFO DPL-0035]  hold24145
[INFO DPL-0035]  hold24145
[INFO DPL-0035]  hold30905
[INFO DPL-0035]  hold5934
[INFO DPL-0035]  hold5934
[INFO DPL-0035]  FILLER_307_1895
[INFO DPL-0035]  hold52498
[INFO DPL-0035]  FILLER_282_1582
[INFO DPL-0035]  hold22811
[INFO DPL-0035]  hold22811
[INFO DPL-0035]  FILLER_285_1914
[INFO DPL-0035]  FILLER_275_1623
[INFO DPL-0035]  hold33752
[INFO DPL-0035]  hold22863
[INFO DPL-0035]  hold50904
[INFO DPL-0035]  hold48709
[INFO DPL-0035]  hold52464
[INFO DPL-0035]  hold2533
[INFO DPL-0035]  hold2533
[INFO DPL-0035]  hold25851
[INFO DPL-0035]  hold25851
[INFO DPL-0035]  hold30906
[INFO DPL-0035]  hold30906
[INFO DPL-0035]  hold30906
[INFO DPL-0035]  hold25634
[INFO DPL-0035]  hold25634
[INFO DPL-0035]  hold25634
[INFO DPL-0035]  hold48611
[INFO DPL-0035]  hold51229
[INFO DPL-0035]  hold48932
[INFO DPL-0035]  hold48932
[INFO DPL-0035]  FILLER_321_1658
[INFO DPL-0035]  FILLER_321_1658
[INFO DPL-0035]  hold25642
[INFO DPL-0035]  hold25642
[INFO DPL-0035]  FILLER_318_1640
[INFO DPL-0035]  FILLER_315_1622
[INFO DPL-0035]  hold33568
[INFO DPL-0035]  hold33568
[INFO DPL-0035]  hold22745
[INFO DPL-0035]  hold2002
[INFO DPL-0035]  hold2002
[INFO DPL-0035]  hold2002
[INFO DPL-0035]  hold24789
[INFO DPL-0035]  FILLER_279_1589
[INFO DPL-0035]  hold22847
[INFO DPL-0035]  hold22847
[INFO DPL-0035]  hold25635
[INFO DPL-0035]  FILLER_288_1944
[INFO DPL-0035]  FILLER_288_1944
[INFO DPL-0035]  hold52465
[INFO DPL-0035]  hold52465
[INFO DPL-0035]  hold32800
[INFO DPL-0035]  hold48148
[INFO DPL-0035]  hold48148
[INFO DPL-0035]  hold50914
[INFO DPL-0035]  hold50914
[INFO DPL-0035]  hold22794
[INFO DPL-0035]  hold22794
[INFO DPL-0035]  hold22794
[INFO DPL-0035]  hold994
[INFO DPL-0035]  hold24566
[INFO DPL-0035]  hold1005
[INFO DPL-0035]  hold1005
[INFO DPL-0035]  hold50910
[INFO DPL-0035]  hold6028
[INFO DPL-0035]  hold48538
[INFO DPL-0035]  hold1891
[INFO DPL-0035]  hold31000
[INFO DPL-0035]  hold22762
[INFO DPL-0035]  hold30911
[INFO DPL-0035]  FILLER_272_1854
[INFO DPL-0035]  hold26333
[INFO DPL-0035]  FILLER_273_1861
[INFO DPL-0035]  hold32801
[INFO DPL-0035]  hold32801
[INFO DPL-0035]  hold55035
[INFO DPL-0035]  hold52723
[INFO DPL-0035]  hold34324
[INFO DPL-0035]  hold5065
[INFO DPL-0035]  hold5065
[INFO DPL-0035]  hold33570
[INFO DPL-0035]  hold33570
[INFO DPL-0035]  hold30910
[INFO DPL-0035]  hold26332
[INFO DPL-0035]  hold26332
[INFO DPL-0035]  hold48712
[INFO DPL-0035]  hold54755
[INFO DPL-0035]  hold54755
[INFO DPL-0035]  hold51231
[INFO DPL-0035]  hold25856
[INFO DPL-0035]  FILLER_286_1536
[INFO DPL-0035]  FILLER_286_1536
[INFO DPL-0035]  FILLER_286_1536
[INFO DPL-0035]  hold52384
[INFO DPL-0035]  hold52384
[INFO DPL-0035]  hold2536
[INFO DPL-0035]  hold2536
[INFO DPL-0035]  FILLER_311_1895
[INFO DPL-0035]  hold25487
[INFO DPL-0035]  hold25487
[INFO DPL-0035]  hold26220
[INFO DPL-0035]  FILLER_268_1641
[INFO DPL-0035]  FILLER_268_1641
[INFO DPL-0035]  FILLER_271_1623
[INFO DPL-0035]  hold34082
[INFO DPL-0035]  FILLER_286_1944
[INFO DPL-0035]  hold51864
[INFO DPL-0035]  hold34057
[INFO DPL-0035]  hold34057
[INFO DPL-0035]  hold34884
[INFO DPL-0035]  hold25857
[INFO DPL-0035]  FILLER_311_1580
[INFO DPL-0035]  hold54746
[INFO DPL-0035]  hold2718
[INFO DPL-0035]  hold52611
[INFO DPL-0035]  FILLER_259_1691
[INFO DPL-0035]  FILLER_277_1894
[INFO DPL-0035]  hold6316
[INFO DPL-0035]  hold6316
[INFO DPL-0035]  hold6316
[INFO DPL-0035]  hold6316
[INFO DPL-0035]  FILLER_283_1930
[INFO DPL-0035]  hold51272
[INFO DPL-0035]  hold51272
[INFO DPL-0035]  hold51272
[INFO DPL-0035]  hold30948
[INFO DPL-0035]  hold22857
[INFO DPL-0035]  hold22857
[INFO DPL-0035]  FILLER_316_1605
[INFO DPL-0035]  hold5092
[INFO DPL-0035]  hold34885
[INFO DPL-0035]  hold34885
[INFO DPL-0035]  hold22785
[INFO DPL-0035]  hold1642
[INFO DPL-0035]  hold30969
[INFO DPL-0035]  hold47928
[INFO DPL-0035]  hold30949
[INFO DPL-0035]  hold32344
[INFO DPL-0035]  FILLER_325_1656
[INFO DPL-0035]  hold5138
[INFO DPL-0035]  FILLER_281_1555
[INFO DPL-0035]  FILLER_281_1555
[INFO DPL-0035]  FILLER_307_1929
[INFO DPL-0035]  FILLER_307_1929
[INFO DPL-0035]  hold30960
[INFO DPL-0035]  FILLER_314_1888
[INFO DPL-0035]  FILLER_312_1900
[INFO DPL-0035]  hold51222
[INFO DPL-0035]  FILLER_310_1912
[INFO DPL-0035]  hold5086
[INFO DPL-0035]  hold54759
[INFO DPL-0035]  hold5799
[INFO DPL-0035]  hold51251
[INFO DPL-0035]  hold51251
[INFO DPL-0035]  hold22864
[INFO DPL-0035]  hold54761
[INFO DPL-0035]  FILLER_319_1861
[INFO DPL-0035]  hold30976
[INFO DPL-0035]  hold2349
[INFO DPL-0035]  hold2349
[INFO DPL-0035]  hold30977
[INFO DPL-0035]  hold6796
[INFO DPL-0035]  hold6796
[INFO DPL-0035]  hold34330
[INFO DPL-0035]  hold5101
[INFO DPL-0035]  hold973
[INFO DPL-0035]  hold973
[INFO DPL-0035]  hold34331
[INFO DPL-0035]  hold34331
[INFO DPL-0035]  hold34331
[INFO DPL-0035]  hold22865
[INFO DPL-0035]  FILLER_284_1946
[INFO DPL-0035]  FILLER_328_1810
[INFO DPL-0035]  hold32345
[INFO DPL-0035]  FILLER_277_1905
[INFO DPL-0035]  hold978
[INFO DPL-0035]  hold978
[INFO DPL-0035]  hold978
[INFO DPL-0035]  FILLER_268_1626
[INFO DPL-0035]  FILLER_268_1626
[INFO DPL-0035]  hold50897
[INFO DPL-0035]  hold26817
[INFO DPL-0035]  hold26817
[INFO DPL-0035]  hold25482
[INFO DPL-0035]  hold6803
[INFO DPL-0035]  hold52736
[INFO DPL-0035]  hold1915
[INFO DPL-0035]  hold51115
[INFO DPL-0035]  hold25483
[INFO DPL-0035]  hold5853
[INFO DPL-0035]  hold2233
[INFO DPL-0035]  hold32452
[INFO DPL-0035]  FILLER_318_1606
[INFO DPL-0035]  hold51934
[INFO DPL-0035]  hold50901
[INFO DPL-0035]  hold22710
[INFO DPL-0035]  FILLER_266_1843
[INFO DPL-0035]  hold47372
[INFO DPL-0035]  hold34344
[INFO DPL-0035]  hold34344
[INFO DPL-0035]  hold49129
[INFO DPL-0035]  FILLER_330_1675
[INFO DPL-0035]  FILLER_330_1675
[INFO DPL-0035]  hold25797
[INFO DPL-0035]  FILLER_288_1503
[INFO DPL-0035]  hold52733
[INFO DPL-0035]  hold52733
[INFO DPL-0035]  hold33578
[INFO DPL-0035]  FILLER_329_1810
[INFO DPL-0035]  FILLER_329_1810
[INFO DPL-0035]  hold47411
[INFO DPL-0035]  hold6897
[INFO DPL-0035]  hold6897
[INFO DPL-0035]  hold26630
[INFO DPL-0035]  hold50916
[INFO DPL-0035]  hold50916
[INFO DPL-0035]  hold2506
[INFO DPL-0035]  hold49046
[INFO DPL-0035]  hold26631
[INFO DPL-0035]  hold32453
[INFO DPL-0035]  hold52813
[INFO DPL-0035]  hold30986
[INFO DPL-0035]  hold51258
[INFO DPL-0035]  hold51258
[INFO DPL-0035]  hold6414
[INFO DPL-0035]  hold47414
[INFO DPL-0035]  hold25655
[INFO DPL-0035]  hold25655
[INFO DPL-0035]  hold25655
[INFO DPL-0035]  hold34886
[INFO DPL-0035]  hold34886
[INFO DPL-0035]  FILLER_332_1798
[INFO DPL-0035]  FILLER_262_1650
[INFO DPL-0035]  FILLER_262_1650
[INFO DPL-0035]  hold22326
[INFO DPL-0035]  FILLER_276_1912
[INFO DPL-0035]  hold50927
[INFO DPL-0035]  hold50927
[INFO DPL-0035]  hold32624
[INFO DPL-0035]  hold32624
[INFO DPL-0035]  hold22848
[INFO DPL-0035]  hold32691
[INFO DPL-0035]  hold32691
[INFO DPL-0035]  hold34004
[INFO DPL-0035]  hold33566
[INFO DPL-0035]  hold33566
[INFO DPL-0035]  hold1032
[INFO DPL-0035]  hold1032
[INFO DPL-0035]  hold1032
[INFO DPL-0035]  hold51030
[INFO DPL-0035]  FILLER_283_1522
[INFO DPL-0035]  hold24146
[INFO DPL-0035]  hold24626
[INFO DPL-0035]  FILLER_307_1951
[INFO DPL-0035]  FILLER_307_1951
[INFO DPL-0035]  hold52382
[INFO DPL-0035]  hold52382
[INFO DPL-0035]  hold31045
[INFO DPL-0035]  hold31045
[INFO DPL-0035]  hold31045
[INFO DPL-0035]  hold5064
[INFO DPL-0035]  hold5790
[INFO DPL-0035]  hold30909
[INFO DPL-0035]  hold2747
[INFO DPL-0035]  hold50934
[INFO DPL-0035]  FILLER_311_1929
[INFO DPL-0035]  hold47367
[INFO DPL-0035]  hold6633
[INFO DPL-0035]  hold1921
[INFO DPL-0035]  hold1921
[INFO DPL-0035]  hold25477
[INFO DPL-0035]  hold24233
[INFO DPL-0035]  hold1041
[INFO DPL-0035]  hold1041
[INFO DPL-0035]  hold6896
[INFO DPL-0035]  hold6896
[INFO DPL-0035]  FILLER_321_1871
[INFO DPL-0035]  FILLER_280_1536
[INFO DPL-0035]  FILLER_280_1536
[INFO DPL-0035]  hold957
[INFO DPL-0035]  hold32327
[INFO DPL-0035]  hold32248
[INFO DPL-0035]  hold32248
[INFO DPL-0035]  hold26279
[INFO DPL-0035]  FILLER_286_1978
[INFO DPL-0035]  hold51853
[INFO DPL-0035]  hold26151
[INFO DPL-0035]  hold26151
[INFO DPL-0035]  hold26151
[INFO DPL-0035]  hold51273
[INFO DPL-0035]  hold22682
[INFO DPL-0035]  FILLER_259_1819
[INFO DPL-0035]  hold5076
[INFO DPL-0035]  hold31044
[INFO DPL-0035]  hold34444
[INFO DPL-0035]  hold30882
[INFO DPL-0035]  hold30882
[INFO DPL-0035]  hold30882
[INFO DPL-0035]  hold30882
[INFO DPL-0035]  FILLER_271_1587
[INFO DPL-0035]  hold34528
[INFO DPL-0035]  FILLER_283_1963
[INFO DPL-0035]  hold1001
[INFO DPL-0035]  hold1001
[INFO DPL-0035]  hold54764
[INFO DPL-0035]  hold52812
[INFO DPL-0035]  hold25476
[INFO DPL-0035]  hold25476
[INFO DPL-0035]  FILLER_256_1674
[INFO DPL-0035]  FILLER_256_1674
[INFO DPL-0035]  FILLER_280_1946
[INFO DPL-0035]  FILLER_280_1946
[INFO DPL-0035]  hold6853
[INFO DPL-0035]  hold2146
[INFO DPL-0035]  hold2146
[INFO DPL-0035]  hold30896
[INFO DPL-0035]  hold30896
[INFO DPL-0035]  hold47390
[INFO DPL-0035]  hold1644
[INFO DPL-0035]  hold5058
[INFO DPL-0035]  hold32249
[INFO DPL-0035]  FILLER_310_1536
[INFO DPL-0035]  hold48542
[INFO DPL-0035]  hold25819
[INFO DPL-0035]  hold30883
[INFO DPL-0035]  hold30883
[INFO DPL-0035]  FILLER_322_1606
[INFO DPL-0035]  hold7172
[INFO DPL-0035]  hold7172
[INFO DPL-0035]  hold1834
[INFO DPL-0035]  hold1834
[INFO DPL-0035]  hold51993
[INFO DPL-0035]  hold51993
[INFO DPL-0035]  hold47378
[INFO DPL-0035]  hold25484
[INFO DPL-0035]  hold24453
[INFO DPL-0035]  hold34548
[INFO DPL-0035]  hold34548
[INFO DPL-0035]  hold22782
[INFO DPL-0035]  hold22782
[INFO DPL-0035]  hold34482
[INFO DPL-0035]  FILLER_328_1640
[INFO DPL-0035]  hold7076
[INFO DPL-0035]  hold22734
[INFO DPL-0035]  hold30950
[INFO DPL-0035]  hold35079
[INFO DPL-0035]  FILLER_307_1963
[INFO DPL-0035]  hold6873
[INFO DPL-0035]  hold6873
[INFO DPL-0035]  FILLER_334_1674
[INFO DPL-0035]  hold30978
[INFO DPL-0035]  hold30978
[INFO DPL-0035]  hold30978
[INFO DPL-0035]  FILLER_330_1650
[INFO DPL-0035]  FILLER_317_1905
[INFO DPL-0035]  FILLER_316_1911
[INFO DPL-0035]  hold975
[INFO DPL-0035]  hold975
[INFO DPL-0035]  hold52822
[INFO DPL-0035]  hold34889
[INFO DPL-0035]  FILLER_269_1590
[INFO DPL-0035]  hold51255
[INFO DPL-0035]  hold32331
[INFO DPL-0035]  hold32331
[INFO DPL-0035]  hold5798
[INFO DPL-0035]  FILLER_319_1895
[INFO DPL-0035]  hold22777
[INFO DPL-0035]  hold25472
[INFO DPL-0035]  hold25473
[INFO DPL-0035]  hold5087
[INFO DPL-0035]  hold5087
[INFO DPL-0035]  hold32330
[INFO DPL-0035]  hold32330
[INFO DPL-0035]  hold33575
[INFO DPL-0035]  hold52386
[INFO DPL-0035]  hold32343
[INFO DPL-0035]  hold54886
[INFO DPL-0035]  FILLER_260_1640
[INFO DPL-0035]  hold55110
[INFO DPL-0035]  hold48540
[INFO DPL-0035]  hold48540
[INFO DPL-0035]  hold48540
[INFO DPL-0035]  FILLER_335_1803
[INFO DPL-0035]  hold2773
[INFO DPL-0035]  hold6632
[INFO DPL-0035]  hold6632
[INFO DPL-0035]  hold6632
[INFO DPL-0035]  hold24073
[INFO DPL-0035]  hold52954
[INFO DPL-0035]  hold5921
[INFO DPL-0035]  hold5921
[INFO DPL-0035]  hold22858
[INFO DPL-0035]  hold30971
[INFO DPL-0035]  hold26694
[INFO DPL-0035]  hold52576
[INFO DPL-0035]  hold48095
[INFO DPL-0035]  hold22689
[INFO DPL-0035]  hold49078
[INFO DPL-0035]  FILLER_257_1655
[INFO DPL-0035]  FILLER_272_1912
[INFO DPL-0035]  hold30985
[INFO DPL-0035]  hold30985
[INFO DPL-0035]  hold26284
[INFO DPL-0035]  hold26284
[INFO DPL-0035]  hold2750
[INFO DPL-0035]  FILLER_266_1877
[INFO DPL-0035]  hold22859
[INFO DPL-0035]  hold1004
[INFO DPL-0035]  hold25204
[INFO DPL-0035]  hold25204
[INFO DPL-0035]  hold1612
[INFO DPL-0035]  hold54777
[INFO DPL-0035]  hold54777
[INFO DPL-0035]  FILLER_307_1973
[INFO DPL-0035]  hold26285
[INFO DPL-0035]  hold31050
[INFO DPL-0035]  hold34834
[INFO DPL-0035]  hold52713
[INFO DPL-0035]  FILLER_310_1956
[INFO DPL-0035]  hold25485
[INFO DPL-0035]  hold25485
[INFO DPL-0035]  hold25485
[INFO DPL-0035]  hold25485
[INFO DPL-0035]  hold5142
[INFO DPL-0035]  hold5142
[INFO DPL-0035]  hold5097
[INFO DPL-0035]  hold34302
[INFO DPL-0035]  hold32217
[INFO DPL-0035]  hold7049
[INFO DPL-0035]  hold22688
[INFO DPL-0035]  hold24009
[INFO DPL-0035]  hold34835
[INFO DPL-0035]  FILLER_330_1638
[INFO DPL-0035]  hold52793
[INFO DPL-0035]  hold52793
[INFO DPL-0035]  hold32216
[INFO DPL-0035]  hold22873
[INFO DPL-0035]  hold47363
[INFO DPL-0035]  hold34480
[INFO DPL-0035]  hold22715
[INFO DPL-0035]  hold24555
[INFO DPL-0035]  hold6872
[INFO DPL-0035]  hold22718
[INFO DPL-0035]  hold30984
[INFO DPL-0035]  hold30984
[INFO DPL-0035]  hold54762
[INFO DPL-0035]  hold54762
[INFO DPL-0035]  hold50898
[INFO DPL-0035]  hold24564
[INFO DPL-0035]  hold24564
[INFO DPL-0035]  hold51838
[INFO DPL-0035]  hold2925
[INFO DPL-0035]  hold24095
[INFO DPL-0035]  FILLER_264_1606
[INFO DPL-0035]  hold1890
[INFO DPL-0035]  hold1890
[INFO DPL-0035]  FILLER_279_1961
[INFO DPL-0035]  hold1044
[INFO DPL-0035]  hold1044
[INFO DPL-0035]  FILLER_281_1973
[INFO DPL-0035]  hold1885
[INFO DPL-0035]  hold1885
[INFO DPL-0035]  hold2451
[INFO DPL-0035]  FILLER_265_1599
[INFO DPL-0035]  hold22780
[INFO DPL-0035]  hold22780
[INFO DPL-0035]  hold22780
[INFO DPL-0035]  hold34832
[INFO DPL-0035]  hold51356
[INFO DPL-0035]  hold51356
[INFO DPL-0035]  hold51356
[INFO DPL-0035]  hold34303
[INFO DPL-0035]  hold55093
[INFO DPL-0035]  hold47416
[INFO DPL-0035]  hold47416
[INFO DPL-0035]  FILLER_336_1810
[INFO DPL-0035]  FILLER_336_1810
[INFO DPL-0035]  FILLER_336_1810
[INFO DPL-0035]  hold2430
[INFO DPL-0035]  hold2430
[INFO DPL-0035]  hold2430
[INFO DPL-0035]  hold32745
[INFO DPL-0035]  hold32745
[INFO DPL-0035]  FILLER_326_1870
[INFO DPL-0035]  FILLER_266_1888
[INFO DPL-0035]  FILLER_266_1888
[INFO DPL-0035]  FILLER_256_1829
[INFO DPL-0035]  FILLER_256_1829
[INFO DPL-0035]  FILLER_256_1829
[INFO DPL-0035]  hold32746
[INFO DPL-0035]  hold26634
[INFO DPL-0035]  hold26634
[INFO DPL-0035]  hold26634
[INFO DPL-0035]  hold25686
[INFO DPL-0035]  FILLER_319_1565
[INFO DPL-0035]  hold32628
[INFO DPL-0035]  hold52387
[INFO DPL-0035]  FILLER_326_1606
[INFO DPL-0035]  FILLER_326_1606
[INFO DPL-0035]  hold22781
[INFO DPL-0035]  FILLER_267_1896
[INFO DPL-0035]  hold52063
[INFO DPL-0035]  FILLER_261_1861
[INFO DPL-0035]  hold32747
[INFO DPL-0035]  hold32744
[INFO DPL-0035]  hold47955
[INFO DPL-0035]  hold47955
[INFO DPL-0035]  hold33759
[INFO DPL-0035]  hold31057
[INFO DPL-0035]  hold31057
[INFO DPL-0035]  hold25942
[INFO DPL-0035]  hold25942
[INFO DPL-0035]  hold25942
[INFO DPL-0035]  FILLER_311_1963
[INFO DPL-0035]  hold52010
[INFO DPL-0035]  FILLER_331_1633
[INFO DPL-0035]  hold24132
[INFO DPL-0035]  FILLER_252_1810
[INFO DPL-0035]  hold1626
[INFO DPL-0035]  hold6001
[INFO DPL-0035]  hold25249
[INFO DPL-0035]  hold25249
[INFO DPL-0035]  hold47420
[INFO DPL-0035]  hold26160
[INFO DPL-0035]  hold55021
[INFO DPL-0035]  hold22880
[INFO DPL-0035]  hold52787
[INFO DPL-0035]  FILLER_283_1995
[INFO DPL-0035]  FILLER_283_1995
[INFO DPL-0035]  hold2579
[INFO DPL-0035]  hold1048
[INFO DPL-0035]  hold33577
[INFO DPL-0035]  hold1674
[INFO DPL-0035]  hold1674
[INFO DPL-0035]  hold49101
[INFO DPL-0035]  hold49101
[INFO DPL-0035]  hold6863
[INFO DPL-0035]  hold6863
[INFO DPL-0035]  hold5100
[INFO DPL-0035]  hold22749
[INFO DPL-0035]  hold22749
[INFO DPL-0035]  hold24291
[INFO DPL-0035]  hold24291
[INFO DPL-0035]  hold48146
[INFO DPL-0035]  FILLER_307_1487
[INFO DPL-0035]  hold34465
[INFO DPL-0035]  FILLER_256_1640
[INFO DPL-0035]  hold31065
[INFO DPL-0035]  hold34515
[INFO DPL-0035]  hold25474
[INFO DPL-0035]  hold1832
[INFO DPL-0035]  hold1832
[INFO DPL-0035]  hold1832
[INFO DPL-0035]  hold25475
[INFO DPL-0035]  hold6412
[INFO DPL-0035]  hold6412
[INFO DPL-0035]  hold6412
[INFO DPL-0035]  hold48420
[INFO DPL-0035]  hold33562
[INFO DPL-0035]  hold48541
[INFO DPL-0035]  hold25202
[INFO DPL-0035]  FILLER_329_1614
[INFO DPL-0035]  hold24290
[INFO DPL-0035]  hold55007
[INFO DPL-0035]  FILLER_274_1947
[INFO DPL-0035]  hold47913
[INFO DPL-0035]  hold32743
[INFO DPL-0035]  hold32743
[INFO DPL-0035]  hold32743
[INFO DPL-0035]  hold6798
[INFO DPL-0035]  hold5149
[INFO DPL-0035]  FILLER_318_1931
[INFO DPL-0035]  hold47408
[INFO DPL-0035]  hold22748
[INFO DPL-0035]  FILLER_265_1896
[INFO DPL-0035]  FILLER_311_1973
[INFO DPL-0035]  hold25203
[INFO DPL-0035]  hold34443
[INFO DPL-0035]  hold34443
[INFO DPL-0035]  hold6805
[INFO DPL-0035]  hold48902
[INFO DPL-0035]  hold982
[INFO DPL-0035]  hold982
[INFO DPL-0035]  FILLER_314_1956
[INFO DPL-0035]  hold24449
[INFO DPL-0035]  hold962
[INFO DPL-0035]  FILLER_334_1640
[INFO DPL-0035]  hold26459
[INFO DPL-0035]  hold26459
[INFO DPL-0035]  hold33607
[INFO DPL-0035]  hold33607
[INFO DPL-0035]  hold6434
[INFO DPL-0035]  hold51257
[INFO DPL-0035]  hold51257
[INFO DPL-0035]  hold51257
[INFO DPL-0035]  FILLER_307_1998
[INFO DPL-0035]  hold30914
[INFO DPL-0035]  hold1755
[INFO DPL-0035]  hold1755
[INFO DPL-0035]  hold2749
[INFO DPL-0035]  hold34348
[INFO DPL-0035]  hold34348
[INFO DPL-0035]  hold30916
[INFO DPL-0035]  hold34335
[INFO DPL-0035]  hold51352
[INFO DPL-0035]  hold33563
[INFO DPL-0035]  hold51233
[INFO DPL-0035]  FILLER_333_1633
[INFO DPL-0035]  FILLER_261_1875
[INFO DPL-0035]  FILLER_261_1875
[INFO DPL-0035]  hold52391
[INFO DPL-0035]  hold26458
[INFO DPL-0035]  hold22778
[INFO DPL-0035]  FILLER_319_1929
[INFO DPL-0035]  hold34328
[INFO DPL-0035]  hold34328
[INFO DPL-0035]  hold34328
[INFO DPL-0035]  hold48026
[INFO DPL-0035]  hold48026
[INFO DPL-0035]  hold48026
[INFO DPL-0035]  hold30915
[INFO DPL-0035]  hold30915
[INFO DPL-0035]  hold47387
[INFO DPL-0035]  hold26283
[INFO DPL-0035]  hold26283
[INFO DPL-0035]  hold30885
[INFO DPL-0035]  hold30885
[INFO DPL-0035]  FILLER_339_1812
[INFO DPL-0035]  FILLER_339_1812
[INFO DPL-0035]  FILLER_339_1812
[INFO DPL-0035]  hold52610
[INFO DPL-0035]  hold51165
[INFO DPL-0035]  hold5739
[INFO DPL-0035]  FILLER_260_1606
[INFO DPL-0035]  FILLER_328_1878
[INFO DPL-0035]  hold33589
[INFO DPL-0035]  hold6036
[INFO DPL-0035]  hold6036
[INFO DPL-0035]  hold5999
[INFO DPL-0035]  hold5999
[INFO DPL-0035]  hold5999
[INFO DPL-0035]  hold5088
[INFO DPL-0035]  hold32224
[INFO DPL-0035]  FILLER_337_1826
[INFO DPL-0035]  hold34081
[INFO DPL-0035]  hold32818
[INFO DPL-0035]  hold52062
[INFO DPL-0035]  FILLER_275_1963
[INFO DPL-0035]  FILLER_313_1509
[INFO DPL-0035]  FILLER_313_1509
[INFO DPL-0035]  hold5789
[INFO DPL-0035]  hold5789
[INFO DPL-0035]  hold5789
[INFO DPL-0035]  hold48881
[INFO DPL-0035]  hold48881
[INFO DPL-0035]  hold25254
[INFO DPL-0035]  hold6037
[INFO DPL-0035]  hold6037
[INFO DPL-0035]  hold26223
[INFO DPL-0035]  hold25688
[INFO DPL-0035]  hold25688
[INFO DPL-0035]  hold2235
[INFO DPL-0035]  hold2235
[INFO DPL-0035]  hold30884
[INFO DPL-0035]  hold32225
[INFO DPL-0035]  hold47377
[INFO DPL-0035]  hold26155
[INFO DPL-0035]  hold31069
[INFO DPL-0035]  hold48838
[INFO DPL-0035]  FILLER_279_1487
[INFO DPL-0035]  hold51219
[INFO DPL-0035]  hold22728
[INFO DPL-0035]  hold22837
[INFO DPL-0035]  hold25255
[INFO DPL-0035]  hold53008
[INFO DPL-0035]  FILLER_280_1480
[INFO DPL-0035]  hold2672
[INFO DPL-0035]  hold2672
[INFO DPL-0035]  FILLER_264_1904
[INFO DPL-0035]  hold32819
[INFO DPL-0035]  hold32819
[INFO DPL-0035]  hold32819
[INFO DPL-0035]  hold972
[INFO DPL-0035]  hold972
[INFO DPL-0035]  hold30980
[INFO DPL-0035]  hold30980
[INFO DPL-0035]  hold47453
[INFO DPL-0035]  hold47453
[INFO DPL-0035]  hold25258
[INFO DPL-0035]  hold25258
[INFO DPL-0035]  hold1736
[INFO DPL-0035]  hold1026
[INFO DPL-0035]  hold7144
[INFO DPL-0035]  hold7144
[INFO DPL-0035]  hold51256
[INFO DPL-0035]  hold51238
[INFO DPL-0035]  hold51238
[INFO DPL-0035]  hold30928
[INFO DPL-0035]  hold47912
[INFO DPL-0035]  hold25259
[INFO DPL-0035]  hold25259
[INFO DPL-0035]  hold22801
[INFO DPL-0035]  hold48851
[INFO DPL-0035]  hold48550
[INFO DPL-0035]  hold1008
[INFO DPL-0035]  hold1008
[INFO DPL-0035]  hold31129
[INFO DPL-0035]  hold22797
[INFO DPL-0035]  hold34462
[INFO DPL-0035]  hold34462
[INFO DPL-0035]  FILLER_276_1980
[INFO DPL-0035]  hold51353
[INFO DPL-0035]  hold22790
[INFO DPL-0035]  hold5082
[INFO DPL-0035]  hold5082
[INFO DPL-0035]  hold47392
[INFO DPL-0035]  hold1006
[INFO DPL-0035]  hold5181
[INFO DPL-0035]  hold5181
[INFO DPL-0035]  FILLER_267_1929
[INFO DPL-0035]  FILLER_267_1929
[INFO DPL-0035]  FILLER_268_1935
[INFO DPL-0035]  hold22796
[INFO DPL-0035]  hold34306
[INFO DPL-0035]  hold24257
[INFO DPL-0035]  hold7072
[INFO DPL-0035]  hold50926
[INFO DPL-0035]  hold50926
[INFO DPL-0035]  hold6784
[INFO DPL-0035]  hold6784
[INFO DPL-0035]  FILLER_243_1689
[INFO DPL-0035]  FILLER_323_1553
[INFO DPL-0035]  FILLER_323_1553
[INFO DPL-0035]  hold51385
[INFO DPL-0035]  hold24035
[INFO DPL-0035]  hold24035
[INFO DPL-0035]  hold5944
[INFO DPL-0035]  hold5066
[INFO DPL-0035]  hold22844
[INFO DPL-0035]  FILLER_320_1944
[INFO DPL-0035]  hold964
[INFO DPL-0035]  FILLER_277_1992
[INFO DPL-0035]  FILLER_277_1992
[INFO DPL-0035]  hold32794
[INFO DPL-0035]  hold33605
[INFO DPL-0035]  hold55013
[INFO DPL-0035]  hold55013
[INFO DPL-0035]  hold1923
[INFO DPL-0035]  hold1923
[INFO DPL-0035]  hold24630
[INFO DPL-0035]  hold24630
[INFO DPL-0035]  hold1030
[INFO DPL-0035]  hold51059
[INFO DPL-0035]  hold51232
[INFO DPL-0035]  hold51232
[INFO DPL-0035]  hold24632
[INFO DPL-0035]  hold47407
[INFO DPL-0035]  hold48174
[INFO DPL-0035]  hold52385
[INFO DPL-0035]  hold52385
[INFO DPL-0035]  FILLER_326_1913
[INFO DPL-0035]  FILLER_326_1913
[INFO DPL-0035]  hold32626
[INFO DPL-0035]  hold25854
[INFO DPL-0035]  hold31030
[INFO DPL-0035]  hold31030
[INFO DPL-0035]  hold52009
[INFO DPL-0035]  hold22842
[INFO DPL-0035]  hold22842
[INFO DPL-0035]  hold30975
[INFO DPL-0035]  hold2535
[INFO DPL-0035]  FILLER_313_1487
[INFO DPL-0035]  hold25470
[INFO DPL-0035]  hold48539
[INFO DPL-0035]  hold32328
[INFO DPL-0035]  hold32328
[INFO DPL-0035]  hold32632
[INFO DPL-0035]  hold34620
[INFO DPL-0035]  hold51195
[INFO DPL-0035]  FILLER_271_1963
[INFO DPL-0035]  FILLER_341_1827
[INFO DPL-0035]  FILLER_341_1827
[INFO DPL-0035]  hold25855
[INFO DPL-0035]  hold50922
[INFO DPL-0035]  hold2799
[INFO DPL-0035]  hold2799
[INFO DPL-0035]  hold5099
[INFO DPL-0035]  hold32813
[INFO DPL-0035]  hold32813
[INFO DPL-0035]  hold32813
[INFO DPL-0035]  hold32813
[INFO DPL-0035]  hold32329
[INFO DPL-0035]  hold32329
[INFO DPL-0035]  hold47391
[INFO DPL-0035]  hold47391
[INFO DPL-0035]  FILLER_339_1841
[INFO DPL-0035]  FILLER_339_1841
[INFO DPL-0035]  FILLER_339_1841
[INFO DPL-0035]  hold22788
[INFO DPL-0035]  hold54929
[INFO DPL-0035]  hold47062
[INFO DPL-0035]  hold24752
[INFO DPL-0035]  hold24752
[INFO DPL-0035]  hold50925
[INFO DPL-0035]  hold51839
[INFO DPL-0035]  hold1002
[INFO DPL-0035]  hold6029
[INFO DPL-0035]  hold51184
[INFO DPL-0035]  hold51184
[INFO DPL-0035]  hold6435
[INFO DPL-0035]  hold26849
[INFO DPL-0035]  hold26383
[INFO DPL-0035]  hold22824
[INFO DPL-0035]  FILLER_334_1606
[INFO DPL-0035]  FILLER_334_1606
[INFO DPL-0035]  FILLER_310_2014
[INFO DPL-0035]  hold32627
[INFO DPL-0035]  hold30756
[INFO DPL-0035]  hold30756
[INFO DPL-0035]  hold30756
[INFO DPL-0035]  hold30974
[INFO DPL-0035]  hold33608
[INFO DPL-0035]  hold52398
[INFO DPL-0035]  hold32803
[INFO DPL-0035]  hold22840
[INFO DPL-0035]  hold30991
[INFO DPL-0035]  FILLER_272_1504
[INFO DPL-0035]  hold51254
[INFO DPL-0035]  hold25471
[INFO DPL-0035]  FILLER_337_1622
[INFO DPL-0035]  FILLER_346_1675
[INFO DPL-0035]  hold1984
[INFO DPL-0035]  hold26164
[INFO DPL-0035]  FILLER_343_1657
[INFO DPL-0035]  hold52394
[INFO DPL-0035]  hold52394
[INFO DPL-0035]  hold52394
[INFO DPL-0035]  FILLER_247_1827
[INFO DPL-0035]  FILLER_319_1963
[INFO DPL-0035]  hold54763
[INFO DPL-0035]  hold26736
[INFO DPL-0035]  hold26736
[INFO DPL-0035]  FILLER_329_1574
[INFO DPL-0035]  hold22696
[INFO DPL-0035]  hold33595
[INFO DPL-0035]  hold33595
[INFO DPL-0035]  hold26737
[INFO DPL-0035]  hold49098
[INFO DPL-0035]  hold956
[INFO DPL-0035]  hold34617
[INFO DPL-0035]  hold4827
[INFO DPL-0035]  hold4827
[INFO DPL-0035]  hold4827
[INFO DPL-0035]  hold4827
[INFO DPL-0035]  hold32450
[INFO DPL-0035]  hold5107
[INFO DPL-0035]  hold5107
[INFO DPL-0035]  hold51933
[INFO DPL-0035]  hold34485
[INFO DPL-0035]  FILLER_273_1984
[INFO DPL-0035]  FILLER_273_1984
[INFO DPL-0035]  hold6874
[INFO DPL-0035]  FILLER_302_2067
[INFO DPL-0035]  FILLER_302_2067
[INFO DPL-0035]  FILLER_276_2002
[INFO DPL-0035]  hold26165
[INFO DPL-0035]  FILLER_337_1861
[INFO DPL-0035]  hold34484
[INFO DPL-0035]  FILLER_318_1504
[INFO DPL-0035]  FILLER_340_1844
[INFO DPL-0035]  hold51269
[INFO DPL-0035]  hold52794
[INFO DPL-0035]  hold6785
[INFO DPL-0035]  FILLER_249_1633
[INFO DPL-0035]  FILLER_249_1633
[INFO DPL-0035]  hold34929
[INFO DPL-0035]  FILLER_266_1946
[INFO DPL-0035]  hold31026
[INFO DPL-0035]  hold31026
[INFO DPL-0035]  hold49116
[INFO DPL-0035]  hold25260
[INFO DPL-0035]  hold48445
[INFO DPL-0035]  hold32914
[INFO DPL-0035]  hold34309
[INFO DPL-0035]  hold52118
[INFO DPL-0035]  FILLER_306_2048
[INFO DPL-0035]  hold52075
[INFO DPL-0035]  hold30973
[INFO DPL-0035]  hold30972
[INFO DPL-0035]  FILLER_313_2007
[INFO DPL-0035]  hold32518
[INFO DPL-0035]  hold32518
[INFO DPL-0035]  hold5129
[INFO DPL-0035]  hold5129
[INFO DPL-0035]  hold5887
[INFO DPL-0035]  hold5887
[INFO DPL-0035]  hold32451
[INFO DPL-0035]  hold24130
[INFO DPL-0035]  hold5098
[INFO DPL-0035]  hold22899
[INFO DPL-0035]  FILLER_327_1553
[INFO DPL-0035]  FILLER_327_1553
[INFO DPL-0035]  hold24753
[INFO DPL-0035]  hold24753
[INFO DPL-0035]  hold24753
[INFO DPL-0035]  hold4793
[INFO DPL-0035]  hold55108
[INFO DPL-0035]  hold55108
[INFO DPL-0035]  FILLER_247_1837
[INFO DPL-0035]  FILLER_251_1861
[INFO DPL-0035]  hold31097
[INFO DPL-0035]  hold31097
[INFO DPL-0035]  hold48840
[INFO DPL-0035]  hold48840
[INFO DPL-0035]  FILLER_246_1832
[INFO DPL-0035]  hold30892
[INFO DPL-0035]  hold30892
[INFO DPL-0035]  hold22686
[INFO DPL-0035]  hold54766
[INFO DPL-0035]  hold32641
[INFO DPL-0035]  hold5165
[INFO DPL-0035]  hold5165
[INFO DPL-0035]  FILLER_330_1910
[INFO DPL-0035]  hold5056
[INFO DPL-0035]  hold24131
[INFO DPL-0035]  hold31096
[INFO DPL-0035]  hold35026
[INFO DPL-0035]  hold24458
[INFO DPL-0035]  hold51367
[INFO DPL-0035]  hold24254
[INFO DPL-0035]  hold2353
[INFO DPL-0035]  hold48009
[INFO DPL-0035]  hold48009
[INFO DPL-0035]  hold47362
[INFO DPL-0035]  FILLER_327_1929
[INFO DPL-0035]  FILLER_327_1929
[INFO DPL-0035]  hold24606
[INFO DPL-0035]  hold24606
[INFO DPL-0035]  hold26132
[INFO DPL-0035]  hold25261
[INFO DPL-0035]  hold35027
[INFO DPL-0035] message limit reached, this message will no longer print
[ERROR DPL-0036] Detailed placement failed.
Error: cts.tcl, 92 DPL-0036
