OpenROAD edf00dff99f6c40d67a30c0e22a8191c5d2ed9d6 
Features included (+) or not (-): +Charts +GPU +GUI +Python
This program is licensed under the BSD-3 license. See the LICENSE file for details.
Components of this program may be licensed under more restrictive licenses which must be honored.
[INFO] Setting up environment (power-optimized)...
[INFO] Reading design files...
[INFO ODB-0227] LEF file: /home/diddy/.ciel/ciel/sky130/versions/0fe599b2afb6708d281543108caf8310912f54af/sky130A/libs.ref/sky130_fd_sc_hd/techlef/sky130_fd_sc_hd__nom.tlef, created 14 layers, 25 vias
[WARNING ODB-0220] WARNING (LEFPARS-2008): NOWIREEXTENSIONATPIN statement is obsolete in version 5.6 or later.
The NOWIREEXTENSIONATPIN statement will be ignored. See file /home/diddy/.ciel/ciel/sky130/versions/0fe599b2afb6708d281543108caf8310912f54af/sky130A/libs.ref/sky130_fd_sc_hd/lef/sky130_fd_sc_hd.lef at line 2.

[INFO ODB-0227] LEF file: /home/diddy/.ciel/ciel/sky130/versions/0fe599b2afb6708d281543108caf8310912f54af/sky130A/libs.ref/sky130_fd_sc_hd/lef/sky130_fd_sc_hd.lef, created 437 library cells
[INFO] Stage 1: Floorplanning (power optimized)...
[WARNING IFP-0028] Core area lower left (60.000, 60.000) snapped to (60.260, 62.560).
[INFO IFP-0001] Added 543 rows of 3216 site unithd.
[INFO TAP-0004] Inserted 1086 endcaps.
[INFO TAP-0005] Inserted 51230 tapcells.
[INFO] Floorplan complete. Writing report...
Design area 633475 u^2 29% utilization.
Design area 633475 u^2 29% utilization.
[INFO] Saving floorplan database: /home/diddy/CAD-Project-AES128-DMA-/pico_aes_soc/src/our_runs/run1/opt_power/outputs/01_fp.odb
[SUCCESS] Floorplanning Done!
[INFO]    Database : /home/diddy/CAD-Project-AES128-DMA-/pico_aes_soc/src/our_runs/run1/opt_power/outputs/01_fp.odb
[INFO]    Report   : /home/diddy/CAD-Project-AES128-DMA-/pico_aes_soc/src/our_runs/run1/opt_power/outputs/fpn_report.txt
