OpenROAD edf00dff99f6c40d67a30c0e22a8191c5d2ed9d6 
Features included (+) or not (-): +Charts +GPU +GUI +Python
This program is licensed under the BSD-3 license. See the LICENSE file for details.
Components of this program may be licensed under more restrictive licenses which must be honored.
[INFO] Starting Pin Placement (power optimized)...
[INFO] Loading floorplan database...
-------------------------------------
 Pin Distribution:
  WEST  : 7
  EAST  : 4
  NORTH : 36
  SOUTH : 76
  TOTAL : 123
-------------------------------------
Found 0 macro blocks.
Using 2 tracks default min distance between IO pins.
[INFO PPL-0010] Tentative 0 to set up sections.
[INFO PPL-0001] Number of slots           4094
[INFO PPL-0002] Number of I/O             123
[INFO PPL-0003] Number of I/O w/sink      121
[INFO PPL-0004] Number of I/O w/o sink    2
[INFO PPL-0005] Slots per section         200
[INFO PPL-0006] Slots increase factor     0.01
[INFO PPL-0008] Successfully assigned pins to sections.
[INFO PPL-0012] I/O nets HPWL: 104728.26 um.
[INFO] Writing pin report...
[INFO] Saving: /home/diddy/CAD-Project-AES128-DMA-/pico_aes_soc/src/our_runs/run1/opt_power/outputs/02_pins.odb
[SUCCESS] Pin Placement Done!
[INFO]    Database : /home/diddy/CAD-Project-AES128-DMA-/pico_aes_soc/src/our_runs/run1/opt_power/outputs/02_pins.odb
[INFO]    Report   : /home/diddy/CAD-Project-AES128-DMA-/pico_aes_soc/src/our_runs/run1/opt_power/outputs/pins_report.txt
