OpenROAD edf00dff99f6c40d67a30c0e22a8191c5d2ed9d6 
Features included (+) or not (-): +Charts +GPU +GUI +Python
This program is licensed under the BSD-3 license. See the LICENSE file for details.
Components of this program may be licensed under more restrictive licenses which must be honored.
[INFO] Stage 6: Routing (power optimized)
[INFO] Loading CTS database...
[INFO] Pre-routing timing repair...
[WARNING RSZ-0021] no estimated parasitics. Using wire load models.
[INFO RSZ-0098] No setup violations found
[WARNING RSZ-0021] no estimated parasitics. Using wire load models.
[INFO RSZ-0033] No hold violations found.
[INFO] Running Global Routing...
[INFO GRT-0020] Min routing layer: li1
[INFO GRT-0021] Max routing layer: met5
[INFO GRT-0022] Global adjustment: 0%
[INFO GRT-0023] Grid origin: (0, 0)
[INFO GRT-0043] No OR_DEFAULT vias defined.
[INFO GRT-0088] Layer li1     Track-Pitch = 0.4600  line-2-Via Pitch: 0.3400
[INFO GRT-0088] Layer met1    Track-Pitch = 0.3400  line-2-Via Pitch: 0.3400
[INFO GRT-0088] Layer met2    Track-Pitch = 0.4600  line-2-Via Pitch: 0.3500
[INFO GRT-0088] Layer met3    Track-Pitch = 0.6800  line-2-Via Pitch: 0.6150
[INFO GRT-0088] Layer met4    Track-Pitch = 0.9200  line-2-Via Pitch: 1.0400
[INFO GRT-0088] Layer met5    Track-Pitch = 3.4000  line-2-Via Pitch: 3.1100
[INFO GRT-0019] Found 0 clock nets.
[INFO GRT-0001] Minimum degree: 2
[INFO GRT-0002] Maximum degree: 2838
[INFO GRT-0003] Macros: 0
[INFO GRT-0043] No OR_DEFAULT vias defined.
[INFO GRT-0004] Blockages: 1676866

[INFO GRT-0053] Routing resources analysis:
          Routing      Original      Derated      Resource
Layer     Direction    Resources     Resources    Reduction (%)
---------------------------------------------------------------
li1        Vertical       803418        629826          21.61%
met1       Horizontal    1071378        943845          11.90%
met2       Vertical       803418        799940          0.43%
met3       Horizontal     535689        533370          0.43%
met4       Vertical       322014        268642          16.57%
met5       Horizontal     106953         84481          21.01%
---------------------------------------------------------------

[INFO GRT-0197] Via related to pin nodes: 198900
[INFO GRT-0198] Via related Steiner nodes: 9492
[INFO GRT-0199] Via filling finished.
[INFO GRT-0111] Final number of vias: 254468
[INFO GRT-0112] Final usage 3D: 1077990

[INFO GRT-0096] Final congestion report:
Layer         Resource        Demand        Usage (%)    Max H / Max V / Total Overflow
---------------------------------------------------------------------------------------
li1             629826         73660           11.70%             0 /  0 /  0
met1            943845        149390           15.83%             0 /  0 /  0
met2            799940         79676            9.96%             0 /  0 /  0
met3            533370          9683            1.82%             0 /  0 /  0
met4            268642          2146            0.80%             0 /  0 /  0
met5             84481            31            0.04%             0 /  0 /  0
---------------------------------------------------------------------------------------
Total          3260104        314586            9.65%             0 /  0 /  0

[INFO GRT-0018] Total wirelength: 3280356 um
[INFO GRT-0014] Routed nets: 57840
[INFO] Running Detailed Routing...
[INFO DRT-0149] Reading tech and libs.
[WARNING DRT-0349] LEF58_ENCLOSURE with no CUTCLASS is not supported. Skipping for layer mcon
[WARNING DRT-0349] LEF58_ENCLOSURE with no CUTCLASS is not supported. Skipping for layer mcon
[WARNING DRT-0349] LEF58_ENCLOSURE with no CUTCLASS is not supported. Skipping for layer via
[WARNING DRT-0349] LEF58_ENCLOSURE with no CUTCLASS is not supported. Skipping for layer via
[WARNING DRT-0349] LEF58_ENCLOSURE with no CUTCLASS is not supported. Skipping for layer via2
[WARNING DRT-0349] LEF58_ENCLOSURE with no CUTCLASS is not supported. Skipping for layer via2
[WARNING DRT-0349] LEF58_ENCLOSURE with no CUTCLASS is not supported. Skipping for layer via3
[WARNING DRT-0349] LEF58_ENCLOSURE with no CUTCLASS is not supported. Skipping for layer via3
[WARNING DRT-0349] LEF58_ENCLOSURE with no CUTCLASS is not supported. Skipping for layer via4
[WARNING DRT-0349] LEF58_ENCLOSURE with no CUTCLASS is not supported. Skipping for layer via4

Units:                1000
Number of layers:     13
Number of macros:     437
Number of vias:       27
Number of viarulegen: 25

[INFO DRT-0150] Reading design.
[WARNING DRT-0120] Large net _12689_ has 278 pins which may impact routing performance. Consider optimization.
[WARNING DRT-0120] Large net _13329_ has 265 pins which may impact routing performance. Consider optimization.
[WARNING DRT-0120] Large net _13330_ has 2049 pins which may impact routing performance. Consider optimization.
[WARNING DRT-0120] Large net _13350_ has 2050 pins which may impact routing performance. Consider optimization.
[WARNING DRT-0120] Large net _13441_ has 262 pins which may impact routing performance. Consider optimization.
[WARNING DRT-0120] Large net _13442_ has 2049 pins which may impact routing performance. Consider optimization.
[WARNING DRT-0120] Large net _13448_ has 262 pins which may impact routing performance. Consider optimization.
[WARNING DRT-0120] Large net _13463_ has 131 pins which may impact routing performance. Consider optimization.
[WARNING DRT-0120] Large net _13482_ has 129 pins which may impact routing performance. Consider optimization.
[WARNING DRT-0120] Large net _13484_ has 129 pins which may impact routing performance. Consider optimization.
[WARNING DRT-0120] Large net _13486_ has 129 pins which may impact routing performance. Consider optimization.
[WARNING DRT-0120] Large net _13489_ has 129 pins which may impact routing performance. Consider optimization.
[WARNING DRT-0120] Large net _13490_ has 129 pins which may impact routing performance. Consider optimization.
[WARNING DRT-0120] Large net _13491_ has 129 pins which may impact routing performance. Consider optimization.
[WARNING DRT-0120] Large net _13493_ has 129 pins which may impact routing performance. Consider optimization.
[WARNING DRT-0120] Large net _13494_ has 129 pins which may impact routing performance. Consider optimization.
[WARNING DRT-0120] Large net _13495_ has 129 pins which may impact routing performance. Consider optimization.
[WARNING DRT-0120] Large net _13496_ has 129 pins which may impact routing performance. Consider optimization.
[WARNING DRT-0120] Large net _13497_ has 129 pins which may impact routing performance. Consider optimization.
[WARNING DRT-0120] Large net _13499_ has 129 pins which may impact routing performance. Consider optimization.
[WARNING DRT-0120] Large net _13500_ has 129 pins which may impact routing performance. Consider optimization.
[WARNING DRT-0120] Large net _13501_ has 129 pins which may impact routing performance. Consider optimization.
[WARNING DRT-0120] Large net _13502_ has 129 pins which may impact routing performance. Consider optimization.
[WARNING DRT-0120] Large net _18896_ has 130 pins which may impact routing performance. Consider optimization.
[WARNING DRT-0120] Large net _19179_ has 111 pins which may impact routing performance. Consider optimization.
[WARNING DRT-0120] Large net _22511_ has 267 pins which may impact routing performance. Consider optimization.
[WARNING DRT-0120] Large net _22514_ has 258 pins which may impact routing performance. Consider optimization.
[WARNING DRT-0120] Large net _22923_ has 257 pins which may impact routing performance. Consider optimization.
[WARNING DRT-0120] Large net _23052_ has 257 pins which may impact routing performance. Consider optimization.
[WARNING DRT-0120] Large net _23316_ has 258 pins which may impact routing performance. Consider optimization.
[WARNING DRT-0120] Large net _23318_ has 257 pins which may impact routing performance. Consider optimization.
[WARNING DRT-0120] Large net _23447_ has 257 pins which may impact routing performance. Consider optimization.
[WARNING DRT-0120] Large net _23576_ has 257 pins which may impact routing performance. Consider optimization.
[WARNING DRT-0120] Large net _23705_ has 257 pins which may impact routing performance. Consider optimization.
[WARNING DRT-0120] Large net _23834_ has 257 pins which may impact routing performance. Consider optimization.
[WARNING DRT-0120] Large net _23963_ has 257 pins which may impact routing performance. Consider optimization.
[WARNING DRT-0120] Large net _24092_ has 161 pins which may impact routing performance. Consider optimization.
[WARNING DRT-0120] Large net _24125_ has 257 pins which may impact routing performance. Consider optimization.
[WARNING DRT-0120] Large net _24254_ has 257 pins which may impact routing performance. Consider optimization.
[WARNING DRT-0120] Large net _24511_ has 257 pins which may impact routing performance. Consider optimization.
[WARNING DRT-0120] Large net _24640_ has 257 pins which may impact routing performance. Consider optimization.
[WARNING DRT-0120] Large net _24799_ has 262 pins which may impact routing performance. Consider optimization.
[WARNING DRT-0120] Large net _31563_ has 141 pins which may impact routing performance. Consider optimization.
[WARNING DRT-0120] Large net _32201_ has 120 pins which may impact routing performance. Consider optimization.
[WARNING DRT-0120] Large net _32217_ has 115 pins which may impact routing performance. Consider optimization.
[WARNING DRT-0120] Large net _33033_ has 2049 pins which may impact routing performance. Consider optimization.
[WARNING DRT-0120] Large net _33037_ has 129 pins which may impact routing performance. Consider optimization.
[WARNING DRT-0120] Large net _33038_ has 257 pins which may impact routing performance. Consider optimization.
[WARNING DRT-0120] Large net _33042_ has 129 pins which may impact routing performance. Consider optimization.
[WARNING DRT-0120] Large net _33043_ has 257 pins which may impact routing performance. Consider optimization.
[WARNING DRT-0120] Large net _33046_ has 257 pins which may impact routing performance. Consider optimization.
[WARNING DRT-0120] Large net _33050_ has 257 pins which may impact routing performance. Consider optimization.
[WARNING DRT-0120] Large net _33057_ has 125 pins which may impact routing performance. Consider optimization.
[WARNING DRT-0120] Large net _33072_ has 261 pins which may impact routing performance. Consider optimization.
[WARNING DRT-0120] Large net _33075_ has 129 pins which may impact routing performance. Consider optimization.
[WARNING DRT-0120] Large net _33089_ has 261 pins which may impact routing performance. Consider optimization.
[WARNING DRT-0120] Large net _33099_ has 261 pins which may impact routing performance. Consider optimization.
[WARNING DRT-0120] Large net _33113_ has 261 pins which may impact routing performance. Consider optimization.
[WARNING DRT-0120] Large net _33122_ has 129 pins which may impact routing performance. Consider optimization.
[WARNING DRT-0120] Large net _33168_ has 129 pins which may impact routing performance. Consider optimization.
[WARNING DRT-0120] Large net _33174_ has 129 pins which may impact routing performance. Consider optimization.
[WARNING DRT-0120] Large net _33181_ has 129 pins which may impact routing performance. Consider optimization.
[WARNING DRT-0120] Large net aes_inst.core.enc_block.enc_ctrl_reg[0] has 146 pins which may impact routing performance. Consider optimization.
[WARNING DRT-0120] Large net cpu.cpu_state[1] has 135 pins which may impact routing performance. Consider optimization.
[WARNING DRT-0120] Large net cpu.cpuregs.raddr1[0] has 256 pins which may impact routing performance. Consider optimization.
[WARNING DRT-0120] Large net cpu.cpuregs.raddr1[2] has 287 pins which may impact routing performance. Consider optimization.
[WARNING DRT-0120] Large net cpu.cpuregs.raddr1[3] has 137 pins which may impact routing performance. Consider optimization.
[WARNING DRT-0120] Large net cpu.cpuregs.raddr2[0] has 260 pins which may impact routing performance. Consider optimization.
[WARNING DRT-0120] Large net cpu.cpuregs.raddr2[1] has 196 pins which may impact routing performance. Consider optimization.
[WARNING DRT-0120] Large net cpu.cpuregs.raddr2[2] has 133 pins which may impact routing performance. Consider optimization.
[WARNING DRT-0120] Large net cpu.genblk1.genblk1.pcpi_mul.pcpi_rs2[0] has 103 pins which may impact routing performance. Consider optimization.
[WARNING DRT-0120] Large net cpu.genblk1.genblk1.pcpi_mul.pcpi_rs2[1] has 131 pins which may impact routing performance. Consider optimization.
[WARNING DRT-0120] Large net cpu.genblk1.genblk1.pcpi_mul.pcpi_rs2[2] has 104 pins which may impact routing performance. Consider optimization.
[WARNING DRT-0120] Large net iomem_wdata[0] has 264 pins which may impact routing performance. Consider optimization.
[WARNING DRT-0120] Large net iomem_wdata[10] has 262 pins which may impact routing performance. Consider optimization.
[WARNING DRT-0120] Large net iomem_wdata[11] has 262 pins which may impact routing performance. Consider optimization.
[WARNING DRT-0120] Large net iomem_wdata[12] has 262 pins which may impact routing performance. Consider optimization.
[WARNING DRT-0120] Large net iomem_wdata[13] has 262 pins which may impact routing performance. Consider optimization.
[WARNING DRT-0120] Large net iomem_wdata[14] has 262 pins which may impact routing performance. Consider optimization.
[WARNING DRT-0120] Large net iomem_wdata[15] has 262 pins which may impact routing performance. Consider optimization.
[WARNING DRT-0120] Large net iomem_wdata[16] has 262 pins which may impact routing performance. Consider optimization.
[WARNING DRT-0120] Large net iomem_wdata[17] has 262 pins which may impact routing performance. Consider optimization.
[WARNING DRT-0120] Large net iomem_wdata[18] has 262 pins which may impact routing performance. Consider optimization.
[WARNING DRT-0120] Large net iomem_wdata[19] has 262 pins which may impact routing performance. Consider optimization.
[WARNING DRT-0120] Large net iomem_wdata[1] has 264 pins which may impact routing performance. Consider optimization.
[WARNING DRT-0120] Large net iomem_wdata[20] has 262 pins which may impact routing performance. Consider optimization.
[WARNING DRT-0120] Large net iomem_wdata[21] has 262 pins which may impact routing performance. Consider optimization.
[WARNING DRT-0120] Large net iomem_wdata[22] has 262 pins which may impact routing performance. Consider optimization.
[WARNING DRT-0120] Large net iomem_wdata[23] has 262 pins which may impact routing performance. Consider optimization.
[WARNING DRT-0120] Large net iomem_wdata[24] has 262 pins which may impact routing performance. Consider optimization.
[WARNING DRT-0120] Large net iomem_wdata[25] has 262 pins which may impact routing performance. Consider optimization.
[WARNING DRT-0120] Large net iomem_wdata[26] has 262 pins which may impact routing performance. Consider optimization.
[WARNING DRT-0120] Large net iomem_wdata[27] has 262 pins which may impact routing performance. Consider optimization.
[WARNING DRT-0120] Large net iomem_wdata[28] has 262 pins which may impact routing performance. Consider optimization.
[WARNING DRT-0120] Large net iomem_wdata[29] has 262 pins which may impact routing performance. Consider optimization.
[WARNING DRT-0120] Large net iomem_wdata[2] has 263 pins which may impact routing performance. Consider optimization.
[WARNING DRT-0120] Large net iomem_wdata[30] has 262 pins which may impact routing performance. Consider optimization.
[WARNING DRT-0120] Large net iomem_wdata[31] has 262 pins which may impact routing performance. Consider optimization.
[WARNING DRT-0120] Large net iomem_wdata[3] has 263 pins which may impact routing performance. Consider optimization.
[WARNING DRT-0120] Large net iomem_wdata[4] has 263 pins which may impact routing performance. Consider optimization.
[WARNING DRT-0120] Large net iomem_wdata[5] has 263 pins which may impact routing performance. Consider optimization.
[WARNING DRT-0120] Large net iomem_wdata[6] has 263 pins which may impact routing performance. Consider optimization.
[WARNING DRT-0120] Large net iomem_wdata[7] has 263 pins which may impact routing performance. Consider optimization.
[WARNING DRT-0120] Large net iomem_wdata[8] has 262 pins which may impact routing performance. Consider optimization.
[WARNING DRT-0120] Large net iomem_wdata[9] has 262 pins which may impact routing performance. Consider optimization.
[WARNING DRT-0120] Large net resetn has 2838 pins which may impact routing performance. Consider optimization.

Design:                   picosoc
Die area:                 ( 0 0 ) ( 1600000 1600000 )
Number of track patterns: 12
Number of DEF vias:       0
Number of components:     110548
Number of terminals:      123
Number of snets:          4
Number of nets:           57840

[INFO DRT-0167] List of default vias:
  Layer via
    default via: M1M2_PR
  Layer via2
    default via: M2M3_PR
  Layer via3
    default via: M3M4_PR
  Layer via4
    default via: M4M5_PR
[INFO DRT-0162] Library cell analysis.
[INFO DRT-0163] Instance analysis.
  Complete 100000 instances.
[INFO DRT-0164] Number of unique instances = 170.
[INFO DRT-0168] Init region query.
[INFO DRT-0018]   Complete 100000 insts.
[INFO DRT-0024]   Complete FR_MASTERSLICE.
[INFO DRT-0024]   Complete licon.
[INFO DRT-0024]   Complete li1.
[INFO DRT-0024]   Complete mcon.
[INFO DRT-0024]   Complete met1.
[INFO DRT-0024]   Complete via.
[INFO DRT-0024]   Complete met2.
[INFO DRT-0024]   Complete via2.
[INFO DRT-0024]   Complete met3.
[INFO DRT-0024]   Complete via3.
[INFO DRT-0024]   Complete met4.
[INFO DRT-0024]   Complete via4.
[INFO DRT-0024]   Complete met5.
[INFO DRT-0033] FR_MASTERSLICE shape region query size = 0.
[INFO DRT-0033] licon shape region query size = 0.
[INFO DRT-0033] li1 shape region query size = 2076132.
[INFO DRT-0033] mcon shape region query size = 0.
[INFO DRT-0033] met1 shape region query size = 348620.
[INFO DRT-0033] via shape region query size = 0.
[INFO DRT-0033] met2 shape region query size = 0.
[INFO DRT-0033] via2 shape region query size = 0.
[INFO DRT-0033] met3 shape region query size = 0.
[INFO DRT-0033] via3 shape region query size = 0.
[INFO DRT-0033] met4 shape region query size = 2947.
[INFO DRT-0033] via4 shape region query size = 2770.
[INFO DRT-0033] met5 shape region query size = 2824.
[INFO DRT-0165] Start pin access.
[INFO DRT-0078]   Complete 701 pins.
[INFO DRT-0079]   Complete 100 unique inst patterns.
[INFO DRT-0081]   Complete 164 unique inst patterns.
[INFO DRT-0082]   Complete 10000 groups.
[INFO DRT-0082]   Complete 20000 groups.
[INFO DRT-0082]   Complete 30000 groups.
[INFO DRT-0084]   Complete 39964 groups.
#scanned instances     = 110548
#unique  instances     = 170
#stdCellGenAp          = 5098
#stdCellValidPlanarAp  = 46
#stdCellValidViaAp     = 4177
#stdCellPinNoAp        = 0
#stdCellPinCnt         = 215861
#instTermValidViaApCnt = 0
#macroGenAp            = 0
#macroValidPlanarAp    = 0
#macroValidViaAp       = 0
#macroNoAp             = 0
[INFO DRT-0166] Complete pin access.
[INFO DRT-0267] cpu time = 00:04:09, elapsed time = 00:04:05, memory = 913.86 (MB), peak = 971.71 (MB)
[ERROR DRT-0155] Guide in net _13493_ uses layer met5 (12) that is outside the allowed routing range [met1 (4), met4 (10)] with via access on [li1 (2)].
Error: route.tcl, 110 DRT-0155
