
===========================================================================
 report_power
============================================================================
======================= nom_tt_025C_1v80 Corner ===================================

Group                    Internal    Switching      Leakage        Total
                            Power        Power        Power        Power (Watts)
------------------------------------------------------------------------
Sequential           8.810805e-12 1.927699e-11 1.367217e-08 1.370026e-08  35.7%
Combinational        3.200144e-11 1.710099e-11 2.363178e-08 2.368088e-08  61.7%
Clock                0.000000e+00 0.000000e+00 9.979303e-10 9.979303e-10   2.6%
Macro                0.000000e+00 0.000000e+00 0.000000e+00 0.000000e+00   0.0%
Pad                  0.000000e+00 0.000000e+00 0.000000e+00 0.000000e+00   0.0%
------------------------------------------------------------------------
Total                4.081250e-11 3.637797e-11 3.830305e-08 3.838024e-08 100.0%
                             0.1%         0.1%        99.8%
Writing metric power__internal__total: 4.081249921350505e-11
Writing metric power__switching__total: 3.637797355016126e-11
Writing metric power__leakage__total: 3.830305317364946e-8
Writing metric power__total: 3.838024298374876e-8

