Clock: clk
Sources: clk 
Generated: no
Virtual: yes
Propagated: no
Period: 10.000000

===========================================================================
report_clock_properties
============================================================================
Clock                   Period          Waveform
----------------------------------------------------
clk                  10.000000    0.000000  5.000000

===========================================================================
report_clock_latency
============================================================================
Clock clk
rise -> rise
    min     max
0.000000 0.000000 source latency
0.585305         network latency _10891_/CLK
        0.795035 network latency _10918_/CLK
---------------
0.585305 0.795035 latency
        0.209730 skew

fall -> fall
    min     max
0.000000 0.000000 source latency
0.629820         network latency _10891_/CLK
        0.822650 network latency _10918_/CLK
---------------
0.629820 0.822650 latency
        0.192830 skew



===========================================================================
report_clock_min_period
============================================================================
clk period_min = 6.38 fmax = 156.63
