
15. Executing PROC_DLATCH pass (convert process syncs to latches).
No latch inferred for signal `\picorv32.\cpuregs_rs1' from process `\picorv32.$proc$../picorv32/picorv32.v:1348$493'.
No latch inferred for signal `\picorv32.\cpuregs_rs2' from process `\picorv32.$proc$../picorv32/picorv32.v:1348$493'.
No latch inferred for signal `\picorv32.\decoded_rs' from process `\picorv32.$proc$../picorv32/picorv32.v:1348$493'.
No latch inferred for signal `\picorv32.\cpuregs_write' from process `\picorv32.$proc$../picorv32/picorv32.v:1309$472'.
No latch inferred for signal `\picorv32.\cpuregs_wrdata' from process `\picorv32.$proc$../picorv32/picorv32.v:1309$472'.
No latch inferred for signal `\picorv32.\clear_prefetched_high_word' from process `\picorv32.$proc$../picorv32/picorv32.v:1295$467'.
No latch inferred for signal `\picorv32.\alu_out' from process `\picorv32.$proc$../picorv32/picorv32.v:1249$444'.
No latch inferred for signal `\picorv32.\alu_out_0' from process `\picorv32.$proc$../picorv32/picorv32.v:1249$444'.
No latch inferred for signal `\picorv32.\dbg_ascii_state' from process `\picorv32.$proc$../picorv32/picorv32.v:1186$432'.
No latch inferred for signal `\picorv32.\dbg_insn_opcode' from process `\picorv32.$proc$../picorv32/picorv32.v:809$167'.
No latch inferred for signal `\picorv32.\dbg_ascii_instr' from process `\picorv32.$proc$../picorv32/picorv32.v:809$167'.
No latch inferred for signal `\picorv32.\dbg_insn_imm' from process `\picorv32.$proc$../picorv32/picorv32.v:809$167'.
No latch inferred for signal `\picorv32.\dbg_insn_rs1' from process `\picorv32.$proc$../picorv32/picorv32.v:809$167'.
No latch inferred for signal `\picorv32.\dbg_insn_rs2' from process `\picorv32.$proc$../picorv32/picorv32.v:809$167'.
No latch inferred for signal `\picorv32.\dbg_insn_rd' from process `\picorv32.$proc$../picorv32/picorv32.v:809$167'.
No latch inferred for signal `\picorv32.\new_ascii_instr' from process `\picorv32.$proc$../picorv32/picorv32.v:701$162'.
No latch inferred for signal `\picorv32.\alu_add_sub' from process `\picorv32.$proc$../picorv32/picorv32.v:1239$677'.
No latch inferred for signal `\picorv32.\alu_shl' from process `\picorv32.$proc$../picorv32/picorv32.v:1239$677'.
No latch inferred for signal `\picorv32.\alu_shr' from process `\picorv32.$proc$../picorv32/picorv32.v:1239$677'.
No latch inferred for signal `\picorv32.\alu_eq' from process `\picorv32.$proc$../picorv32/picorv32.v:1239$677'.
No latch inferred for signal `\picorv32.\alu_ltu' from process `\picorv32.$proc$../picorv32/picorv32.v:1239$677'.
No latch inferred for signal `\picorv32.\alu_lts' from process `\picorv32.$proc$../picorv32/picorv32.v:1239$677'.
No latch inferred for signal `\picorv32.\mem_la_wdata' from process `\picorv32.$proc$../picorv32/picorv32.v:401$97'.
No latch inferred for signal `\picorv32.\mem_la_wstrb' from process `\picorv32.$proc$../picorv32/picorv32.v:401$97'.
No latch inferred for signal `\picorv32.\mem_rdata_word' from process `\picorv32.$proc$../picorv32/picorv32.v:401$97'.
No latch inferred for signal `\picorv32.\pcpi_int_wr' from process `\picorv32.$proc$../picorv32/picorv32.v:325$18'.
No latch inferred for signal `\picorv32.\pcpi_int_rd' from process `\picorv32.$proc$../picorv32/picorv32.v:325$18'.
No latch inferred for signal `\picorv32.\pcpi_int_wait' from process `\picorv32.$proc$../picorv32/picorv32.v:325$18'.
No latch inferred for signal `\picorv32.\pcpi_int_ready' from process `\picorv32.$proc$../picorv32/picorv32.v:325$18'.
