
===========================================================================
 report_power
============================================================================
======================= max_tt_025C_1v80 Corner ===================================

Group                    Internal    Switching      Leakage        Total
                            Power        Power        Power        Power (Watts)
------------------------------------------------------------------------
Sequential           8.810059e-12 1.523495e-11 1.299596e-08 1.302001e-08  22.9%
Combinational        2.589147e-11 3.713617e-11 2.916693e-08 2.922996e-08  51.5%
Clock                -1.842218e-17 0.000000e+00 1.454166e-08 1.454166e-08  25.6%
Macro                0.000000e+00 0.000000e+00 0.000000e+00 0.000000e+00   0.0%
Pad                  0.000000e+00 0.000000e+00 0.000000e+00 0.000000e+00   0.0%
------------------------------------------------------------------------
Total                3.470158e-11 5.237113e-11 5.670504e-08 5.679211e-08 100.0%
                             0.1%         0.1%        99.8%

