
===========================================================================
 report_power
============================================================================
======================= min_ff_n40C_1v95 Corner ===================================

Group                    Internal    Switching      Leakage        Total
                            Power        Power        Power        Power (Watts)
------------------------------------------------------------------------
Sequential           1.016053e-11 1.591173e-11 2.466440e-08 2.469047e-08  31.4%
Combinational        2.980764e-11 3.975393e-11 3.683569e-08 3.690526e-08  46.9%
Clock                -5.298772e-17 0.000000e+00 1.706562e-08 1.706562e-08  21.7%
Macro                0.000000e+00 0.000000e+00 0.000000e+00 0.000000e+00   0.0%
Pad                  0.000000e+00 0.000000e+00 0.000000e+00 0.000000e+00   0.0%
------------------------------------------------------------------------
Total                3.996795e-11 5.566564e-11 7.856521e-08 7.866084e-08 100.0%
                             0.1%         0.1%        99.9%

