
===========================================================================
 report_power
============================================================================
======================= nom_ff_n40C_1v95 Corner ===================================

Group                    Internal    Switching      Leakage        Total
                            Power        Power        Power        Power (Watts)
------------------------------------------------------------------------
Sequential           8.176096e-03 1.976160e-03 3.247666e-08 1.015229e-02  60.9%
Combinational        4.878366e-03 1.640083e-03 4.919993e-08 6.518498e-03  39.1%
Clock                0.000000e+00 0.000000e+00 0.000000e+00 0.000000e+00   0.0%
Macro                0.000000e+00 0.000000e+00 0.000000e+00 0.000000e+00   0.0%
Pad                  0.000000e+00 0.000000e+00 0.000000e+00 0.000000e+00   0.0%
------------------------------------------------------------------------
Total                1.305433e-02 3.616245e-03 8.167591e-08 1.667066e-02 100.0%
                            78.3%        21.7%         0.0%

