Clock: clk
Sources: clk 
Generated: no
Virtual: yes
Propagated: no
Period: 10.000000

===========================================================================
report_clock_properties
============================================================================
Clock                   Period          Waveform
----------------------------------------------------
clk                  10.000000    0.000000  5.000000

===========================================================================
report_clock_latency
============================================================================
Clock clk
rise -> rise
    min     max
0.000000 0.000000 source latency
1.161221         network latency _10891_/CLK
        1.573077 network latency _11301_/CLK
---------------
1.161221 1.573077 latency
        0.411857 skew

fall -> fall
    min     max
0.000000 0.000000 source latency
1.085167         network latency _10891_/CLK
        1.458638 network latency _11301_/CLK
---------------
1.085167 1.458638 latency
        0.373471 skew



===========================================================================
report_clock_min_period
============================================================================
clk period_min = 13.88 fmax = 72.02
