
===========================================================================
 report_power
============================================================================
======================= max_ss_100C_1v60 Corner ===================================

Group                    Internal    Switching      Leakage        Total
                            Power        Power        Power        Power (Watts)
------------------------------------------------------------------------
Sequential           6.975159e-12 1.195292e-11 2.211662e-05 2.211664e-05  41.0%
Combinational        2.028865e-11 2.897833e-11 3.177262e-05 3.177267e-05  58.9%
Clock                -2.429098e-17 0.000000e+00 1.445064e-08 1.445064e-08   0.0%
Macro                0.000000e+00 0.000000e+00 0.000000e+00 0.000000e+00   0.0%
Pad                  0.000000e+00 0.000000e+00 0.000000e+00 0.000000e+00   0.0%
------------------------------------------------------------------------
Total                2.726372e-11 4.093123e-11 5.390164e-05 5.390171e-05 100.0%
                             0.0%         0.0%       100.0%

