┏━━━━━━━━━━━━━━━━━━━━━━┳━━━━━━━━━━┳━━━━━━━━━━┳━━━━━━━━━━┳━━━━━━━━━━┳━━━━━━━━━━━┳━━━━━━━━━━┳━━━━━━━━━━━┳━━━━━━━━━━┳━━━━━━━━━━━┳━━━━━━━━━━┳━━━━━━━━━━━┳━━━━━━━━━━┓
┃                      ┃ Hold     ┃ Reg to   ┃          ┃          ┃ of which  ┃ Setup    ┃           ┃          ┃           ┃ of which ┃           ┃          ┃
┃                      ┃ Worst    ┃ Reg      ┃          ┃ Hold Vio ┃ reg to    ┃ Worst    ┃ Reg to    ┃ Setup    ┃ Setup Vio ┃ reg to   ┃ Max Cap   ┃ Max Slew ┃
┃ Corner/Group         ┃ Slack    ┃ Paths    ┃ Hold TNS ┃ Count    ┃ reg       ┃ Slack    ┃ Reg Paths ┃ TNS      ┃ Count     ┃ reg      ┃ Violatio… ┃ Violati… ┃
┡━━━━━━━━━━━━━━━━━━━━━━╇━━━━━━━━━━╇━━━━━━━━━━╇━━━━━━━━━━╇━━━━━━━━━━╇━━━━━━━━━━━╇━━━━━━━━━━╇━━━━━━━━━━━╇━━━━━━━━━━╇━━━━━━━━━━━╇━━━━━━━━━━╇━━━━━━━━━━━╇━━━━━━━━━━┩
│ Overall              │ 0.2505   │ 0.2505   │ 0.0000   │ 0        │ 0         │ -4.9917  │ -4.9917   │ -454.46… │ 247       │ 247      │ 32        │ 2174     │
│ nom_tt_025C_1v80     │ 0.4052   │ 0.4052   │ 0.0000   │ 0        │ 0         │ 1.9604   │ 1.9604    │ 0.0000   │ 0         │ 0        │ 8         │ 1224     │
│ nom_ss_100C_1v60     │ 0.8116   │ 0.8116   │ 0.0000   │ 0        │ 0         │ -4.9917  │ -4.9917   │ -454.46… │ 247       │ 247      │ 32        │ 2174     │
│ nom_ff_n40C_1v95     │ 0.2505   │ 0.2505   │ 0.0000   │ 0        │ 0         │ 4.7492   │ 4.7492    │ 0.0000   │ 0         │ 0        │ 4         │ 1041     │
└──────────────────────┴──────────┴──────────┴──────────┴──────────┴───────────┴──────────┴───────────┴──────────┴───────────┴──────────┴───────────┴──────────┘
