
===========================================================================
 report_power
============================================================================
======================= nom_tt_025C_1v80 Corner ===================================

Group                    Internal    Switching      Leakage        Total
                            Power        Power        Power        Power (Watts)
------------------------------------------------------------------------
Sequential           8.917062e-12 1.259044e-11 1.367217e-08 1.369367e-08  36.6%
Combinational        3.042535e-11 1.192113e-11 2.363178e-08 2.367413e-08  63.4%
Clock                0.000000e+00 0.000000e+00 0.000000e+00 0.000000e+00   0.0%
Macro                0.000000e+00 0.000000e+00 0.000000e+00 0.000000e+00   0.0%
Pad                  0.000000e+00 0.000000e+00 0.000000e+00 0.000000e+00   0.0%
------------------------------------------------------------------------
Total                3.934115e-11 2.451155e-11 3.730511e-08 3.736896e-08 100.0%
                             0.1%         0.1%        99.8%

