#Edge: BOTTOM
place_pin -pin_name flash_io0_do -layer met2 -location {614.79 0} -force_to_die_boundary
place_pin -pin_name flash_io0_oe -layer met2 -location {575.23 0} -force_to_die_boundary
place_pin -pin_name iomem_addr[10] -layer met2 -location {590.87 0} -force_to_die_boundary
place_pin -pin_name iomem_addr[11] -layer met2 -location {573.39 0} -force_to_die_boundary
place_pin -pin_name iomem_addr[12] -layer met2 -location {593.63 0} -force_to_die_boundary
place_pin -pin_name iomem_addr[13] -layer met2 -location {601.91 0} -force_to_die_boundary
place_pin -pin_name iomem_addr[14] -layer met2 -location {571.55 0} -force_to_die_boundary
place_pin -pin_name iomem_addr[15] -layer met2 -location {591.79 0} -force_to_die_boundary
place_pin -pin_name iomem_addr[16] -layer met2 -location {569.71 0} -force_to_die_boundary
place_pin -pin_name iomem_addr[17] -layer met2 -location {577.07 0} -force_to_die_boundary
place_pin -pin_name iomem_addr[18] -layer met2 -location {568.79 0} -force_to_die_boundary
place_pin -pin_name iomem_addr[19] -layer met2 -location {602.83 0} -force_to_die_boundary
place_pin -pin_name iomem_addr[20] -layer met2 -location {610.19 0} -force_to_die_boundary
place_pin -pin_name iomem_addr[21] -layer met2 -location {613.87 0} -force_to_die_boundary
place_pin -pin_name iomem_addr[22] -layer met2 -location {612.95 0} -force_to_die_boundary
place_pin -pin_name iomem_addr[23] -layer met2 -location {565.11 0} -force_to_die_boundary
place_pin -pin_name iomem_addr[24] -layer met2 -location {579.83 0} -force_to_die_boundary
place_pin -pin_name iomem_addr[25] -layer met2 -location {603.75 0} -force_to_die_boundary
place_pin -pin_name iomem_addr[26] -layer met2 -location {563.27 0} -force_to_die_boundary
place_pin -pin_name iomem_addr[27] -layer met2 -location {562.35 0} -force_to_die_boundary
place_pin -pin_name iomem_addr[28] -layer met2 -location {564.19 0} -force_to_die_boundary
place_pin -pin_name iomem_addr[29] -layer met2 -location {583.51 0} -force_to_die_boundary
place_pin -pin_name iomem_addr[2] -layer met2 -location {594.55 0} -force_to_die_boundary
place_pin -pin_name iomem_addr[30] -layer met2 -location {567.87 0} -force_to_die_boundary
place_pin -pin_name iomem_addr[31] -layer met2 -location {611.11 0} -force_to_die_boundary
place_pin -pin_name iomem_addr[3] -layer met2 -location {604.67 0} -force_to_die_boundary
place_pin -pin_name iomem_addr[4] -layer met2 -location {557.75 0} -force_to_die_boundary
place_pin -pin_name iomem_addr[5] -layer met2 -location {595.47 0} -force_to_die_boundary
place_pin -pin_name iomem_addr[6] -layer met2 -location {577.99 0} -force_to_die_boundary
place_pin -pin_name iomem_addr[7] -layer met2 -location {581.67 0} -force_to_die_boundary
place_pin -pin_name iomem_addr[8] -layer met2 -location {555.91 0} -force_to_die_boundary
place_pin -pin_name iomem_addr[9] -layer met2 -location {566.03 0} -force_to_die_boundary
place_pin -pin_name iomem_wdata[0] -layer met2 -location {558.67 0} -force_to_die_boundary
place_pin -pin_name iomem_wdata[10] -layer met2 -location {605.59 0} -force_to_die_boundary
place_pin -pin_name iomem_wdata[11] -layer met2 -location {576.15 0} -force_to_die_boundary
place_pin -pin_name iomem_wdata[12] -layer met2 -location {572.47 0} -force_to_die_boundary
place_pin -pin_name iomem_wdata[13] -layer met2 -location {560.51 0} -force_to_die_boundary
place_pin -pin_name iomem_wdata[14] -layer met2 -location {596.39 0} -force_to_die_boundary
place_pin -pin_name iomem_wdata[15] -layer met2 -location {556.83 0} -force_to_die_boundary
place_pin -pin_name iomem_wdata[16] -layer met2 -location {554.07 0} -force_to_die_boundary
place_pin -pin_name iomem_wdata[17] -layer met2 -location {587.19 0} -force_to_die_boundary
place_pin -pin_name iomem_wdata[18] -layer met2 -location {584.43 0} -force_to_die_boundary
place_pin -pin_name iomem_wdata[19] -layer met2 -location {606.51 0} -force_to_die_boundary
place_pin -pin_name iomem_wdata[1] -layer met2 -location {570.63 0} -force_to_die_boundary
place_pin -pin_name iomem_wdata[20] -layer met2 -location {585.35 0} -force_to_die_boundary
place_pin -pin_name iomem_wdata[21] -layer met2 -location {586.27 0} -force_to_die_boundary
place_pin -pin_name iomem_wdata[22] -layer met2 -location {607.43 0} -force_to_die_boundary
place_pin -pin_name iomem_wdata[23] -layer met2 -location {553.15 0} -force_to_die_boundary
place_pin -pin_name iomem_wdata[24] -layer met2 -location {597.31 0} -force_to_die_boundary
place_pin -pin_name iomem_wdata[25] -layer met2 -location {588.11 0} -force_to_die_boundary
place_pin -pin_name iomem_wdata[26] -layer met2 -location {598.23 0} -force_to_die_boundary
place_pin -pin_name iomem_wdata[27] -layer met2 -location {608.35 0} -force_to_die_boundary
place_pin -pin_name iomem_wdata[28] -layer met2 -location {559.59 0} -force_to_die_boundary
place_pin -pin_name iomem_wdata[29] -layer met2 -location {600.07 0} -force_to_die_boundary
place_pin -pin_name iomem_wdata[2] -layer met2 -location {580.75 0} -force_to_die_boundary
place_pin -pin_name iomem_wdata[30] -layer met2 -location {566.95 0} -force_to_die_boundary
place_pin -pin_name iomem_wdata[31] -layer met2 -location {554.99 0} -force_to_die_boundary
place_pin -pin_name iomem_wdata[3] -layer met2 -location {592.71 0} -force_to_die_boundary
place_pin -pin_name iomem_wdata[4] -layer met2 -location {599.15 0} -force_to_die_boundary
place_pin -pin_name iomem_wdata[5] -layer met2 -location {574.31 0} -force_to_die_boundary
place_pin -pin_name iomem_wdata[6] -layer met2 -location {609.27 0} -force_to_die_boundary
place_pin -pin_name iomem_wdata[7] -layer met2 -location {589.03 0} -force_to_die_boundary
place_pin -pin_name iomem_wdata[8] -layer met2 -location {561.43 0} -force_to_die_boundary
place_pin -pin_name iomem_wdata[9] -layer met2 -location {612.03 0} -force_to_die_boundary
place_pin -pin_name iomem_wstrb[0] -layer met2 -location {578.91 0} -force_to_die_boundary
place_pin -pin_name iomem_wstrb[1] -layer met2 -location {589.95 0} -force_to_die_boundary
place_pin -pin_name iomem_wstrb[2] -layer met2 -location {582.59 0} -force_to_die_boundary
place_pin -pin_name iomem_wstrb[3] -layer met2 -location {600.99 0} -force_to_die_boundary
place_pin -pin_name flash_io1_do -layer met2 -location {1.15 0} -force_to_die_boundary
place_pin -pin_name flash_io1_oe -layer met2 -location {2.07 0} -force_to_die_boundary
place_pin -pin_name flash_io2_do -layer met2 -location {2.99 0} -force_to_die_boundary
place_pin -pin_name flash_io2_oe -layer met2 -location {3.91 0} -force_to_die_boundary
place_pin -pin_name flash_io3_do -layer met2 -location {4.83 0} -force_to_die_boundary
place_pin -pin_name flash_io3_oe -layer met2 -location {5.75 0} -force_to_die_boundary
place_pin -pin_name iomem_addr[0] -layer met2 -location {6.67 0} -force_to_die_boundary
place_pin -pin_name iomem_addr[1] -layer met2 -location {7.59 0} -force_to_die_boundary
#Edge: RIGHT
place_pin -pin_name flash_clk -layer met3 -location {1150 572.9} -force_to_die_boundary
place_pin -pin_name flash_csb -layer met3 -location {1150 575.62} -force_to_die_boundary
place_pin -pin_name iomem_valid -layer met3 -location {1150 574.26} -force_to_die_boundary
place_pin -pin_name ser_tx -layer met3 -location {1150 576.98} -force_to_die_boundary
#Edge: TOP
place_pin -pin_name flash_io0_di -layer met2 -location {1148.39 1150} -force_to_die_boundary
place_pin -pin_name flash_io1_di -layer met2 -location {589.95 1150} -force_to_die_boundary
place_pin -pin_name flash_io2_di -layer met2 -location {1147.47 1150} -force_to_die_boundary
place_pin -pin_name flash_io3_di -layer met2 -location {1146.55 1150} -force_to_die_boundary
place_pin -pin_name iomem_rdata[0] -layer met2 -location {575.23 1150} -force_to_die_boundary
place_pin -pin_name iomem_rdata[10] -layer met2 -location {563.27 1150} -force_to_die_boundary
place_pin -pin_name iomem_rdata[11] -layer met2 -location {566.95 1150} -force_to_die_boundary
place_pin -pin_name iomem_rdata[12] -layer met2 -location {571.55 1150} -force_to_die_boundary
place_pin -pin_name iomem_rdata[13] -layer met2 -location {577.99 1150} -force_to_die_boundary
place_pin -pin_name iomem_rdata[14] -layer met2 -location {578.91 1150} -force_to_die_boundary
place_pin -pin_name iomem_rdata[15] -layer met2 -location {573.39 1150} -force_to_die_boundary
place_pin -pin_name iomem_rdata[16] -layer met2 -location {566.03 1150} -force_to_die_boundary
place_pin -pin_name iomem_rdata[17] -layer met2 -location {580.75 1150} -force_to_die_boundary
place_pin -pin_name iomem_rdata[18] -layer met2 -location {581.67 1150} -force_to_die_boundary
place_pin -pin_name iomem_rdata[19] -layer met2 -location {572.47 1150} -force_to_die_boundary
place_pin -pin_name iomem_rdata[1] -layer met2 -location {582.59 1150} -force_to_die_boundary
place_pin -pin_name iomem_rdata[20] -layer met2 -location {565.11 1150} -force_to_die_boundary
place_pin -pin_name iomem_rdata[21] -layer met2 -location {584.43 1150} -force_to_die_boundary
place_pin -pin_name iomem_rdata[22] -layer met2 -location {562.35 1150} -force_to_die_boundary
place_pin -pin_name iomem_rdata[23] -layer met2 -location {576.15 1150} -force_to_die_boundary
place_pin -pin_name iomem_rdata[24] -layer met2 -location {560.51 1150} -force_to_die_boundary
place_pin -pin_name iomem_rdata[25] -layer met2 -location {585.35 1150} -force_to_die_boundary
place_pin -pin_name iomem_rdata[26] -layer met2 -location {570.63 1150} -force_to_die_boundary
place_pin -pin_name iomem_rdata[27] -layer met2 -location {579.83 1150} -force_to_die_boundary
place_pin -pin_name iomem_rdata[28] -layer met2 -location {587.19 1150} -force_to_die_boundary
place_pin -pin_name iomem_rdata[29] -layer met2 -location {577.07 1150} -force_to_die_boundary
place_pin -pin_name iomem_rdata[2] -layer met2 -location {569.71 1150} -force_to_die_boundary
place_pin -pin_name iomem_rdata[30] -layer met2 -location {564.19 1150} -force_to_die_boundary
place_pin -pin_name iomem_rdata[31] -layer met2 -location {574.31 1150} -force_to_die_boundary
place_pin -pin_name iomem_rdata[3] -layer met2 -location {588.11 1150} -force_to_die_boundary
place_pin -pin_name iomem_rdata[4] -layer met2 -location {568.79 1150} -force_to_die_boundary
place_pin -pin_name iomem_rdata[5] -layer met2 -location {589.03 1150} -force_to_die_boundary
place_pin -pin_name iomem_rdata[6] -layer met2 -location {583.51 1150} -force_to_die_boundary
place_pin -pin_name iomem_rdata[7] -layer met2 -location {586.27 1150} -force_to_die_boundary
place_pin -pin_name iomem_rdata[8] -layer met2 -location {567.87 1150} -force_to_die_boundary
place_pin -pin_name iomem_rdata[9] -layer met2 -location {561.43 1150} -force_to_die_boundary
#Edge: LEFT
place_pin -pin_name clk -layer met3 -location {0 579.7} -force_to_die_boundary
place_pin -pin_name iomem_ready -layer met3 -location {0 572.9} -force_to_die_boundary
place_pin -pin_name irq_5 -layer met3 -location {0 576.98} -force_to_die_boundary
place_pin -pin_name irq_6 -layer met3 -location {0 574.26} -force_to_die_boundary
place_pin -pin_name irq_7 -layer met3 -location {0 571.54} -force_to_die_boundary
place_pin -pin_name resetn -layer met3 -location {0 575.62} -force_to_die_boundary
place_pin -pin_name ser_rx -layer met3 -location {0 578.34} -force_to_die_boundary
