#Edge: BOTTOM
place_pin -pin_name flash_io0_do -layer met2 -location {718.75 0} -force_to_die_boundary
place_pin -pin_name flash_io0_oe -layer met2 -location {773.95 0} -force_to_die_boundary
place_pin -pin_name iomem_addr[10] -layer met2 -location {765.67 0} -force_to_die_boundary
place_pin -pin_name iomem_addr[11] -layer met2 -location {748.19 0} -force_to_die_boundary
place_pin -pin_name iomem_addr[12] -layer met2 -location {747.27 0} -force_to_die_boundary
place_pin -pin_name iomem_addr[13] -layer met2 -location {757.39 0} -force_to_die_boundary
place_pin -pin_name iomem_addr[14] -layer met2 -location {746.35 0} -force_to_die_boundary
place_pin -pin_name iomem_addr[15] -layer met2 -location {766.59 0} -force_to_die_boundary
place_pin -pin_name iomem_addr[16] -layer met2 -location {744.51 0} -force_to_die_boundary
place_pin -pin_name iomem_addr[17] -layer met2 -location {751.87 0} -force_to_die_boundary
place_pin -pin_name iomem_addr[18] -layer met2 -location {743.59 0} -force_to_die_boundary
place_pin -pin_name iomem_addr[19] -layer met2 -location {769.35 0} -force_to_die_boundary
place_pin -pin_name iomem_addr[20] -layer met2 -location {767.51 0} -force_to_die_boundary
place_pin -pin_name iomem_addr[21] -layer met2 -location {774.87 0} -force_to_die_boundary
place_pin -pin_name iomem_addr[22] -layer met2 -location {740.83 0} -force_to_die_boundary
place_pin -pin_name iomem_addr[23] -layer met2 -location {739.91 0} -force_to_die_boundary
place_pin -pin_name iomem_addr[24] -layer met2 -location {754.63 0} -force_to_die_boundary
place_pin -pin_name iomem_addr[25] -layer met2 -location {768.43 0} -force_to_die_boundary
place_pin -pin_name iomem_addr[26] -layer met2 -location {738.07 0} -force_to_die_boundary
place_pin -pin_name iomem_addr[27] -layer met2 -location {737.15 0} -force_to_die_boundary
place_pin -pin_name iomem_addr[28] -layer met2 -location {736.23 0} -force_to_die_boundary
place_pin -pin_name iomem_addr[29] -layer met2 -location {758.31 0} -force_to_die_boundary
place_pin -pin_name iomem_addr[2] -layer met2 -location {778.55 0} -force_to_die_boundary
place_pin -pin_name iomem_addr[30] -layer met2 -location {734.39 0} -force_to_die_boundary
place_pin -pin_name iomem_addr[31] -layer met2 -location {733.47 0} -force_to_die_boundary
place_pin -pin_name iomem_addr[3] -layer met2 -location {755.55 0} -force_to_die_boundary
place_pin -pin_name iomem_addr[4] -layer met2 -location {775.79 0} -force_to_die_boundary
place_pin -pin_name iomem_addr[5] -layer met2 -location {770.27 0} -force_to_die_boundary
place_pin -pin_name iomem_addr[6] -layer met2 -location {730.71 0} -force_to_die_boundary
place_pin -pin_name iomem_addr[7] -layer met2 -location {756.47 0} -force_to_die_boundary
place_pin -pin_name iomem_addr[8] -layer met2 -location {742.67 0} -force_to_die_boundary
place_pin -pin_name iomem_addr[9] -layer met2 -location {771.19 0} -force_to_die_boundary
place_pin -pin_name iomem_wdata[0] -layer met2 -location {727.95 0} -force_to_die_boundary
place_pin -pin_name iomem_wdata[10] -layer met2 -location {776.71 0} -force_to_die_boundary
place_pin -pin_name iomem_wdata[11] -layer met2 -location {753.71 0} -force_to_die_boundary
place_pin -pin_name iomem_wdata[12] -layer met2 -location {750.03 0} -force_to_die_boundary
place_pin -pin_name iomem_wdata[13] -layer met2 -location {735.31 0} -force_to_die_boundary
place_pin -pin_name iomem_wdata[14] -layer met2 -location {780.39 0} -force_to_die_boundary
place_pin -pin_name iomem_wdata[15] -layer met2 -location {726.11 0} -force_to_die_boundary
place_pin -pin_name iomem_wdata[16] -layer met2 -location {725.19 0} -force_to_die_boundary
place_pin -pin_name iomem_wdata[17] -layer met2 -location {741.75 0} -force_to_die_boundary
place_pin -pin_name iomem_wdata[18] -layer met2 -location {759.23 0} -force_to_die_boundary
place_pin -pin_name iomem_wdata[19] -layer met2 -location {731.63 0} -force_to_die_boundary
place_pin -pin_name iomem_wdata[1] -layer met2 -location {745.43 0} -force_to_die_boundary
place_pin -pin_name iomem_wdata[20] -layer met2 -location {724.27 0} -force_to_die_boundary
place_pin -pin_name iomem_wdata[21] -layer met2 -location {760.15 0} -force_to_die_boundary
place_pin -pin_name iomem_wdata[22] -layer met2 -location {749.11 0} -force_to_die_boundary
place_pin -pin_name iomem_wdata[23] -layer met2 -location {752.79 0} -force_to_die_boundary
place_pin -pin_name iomem_wdata[24] -layer met2 -location {772.11 0} -force_to_die_boundary
place_pin -pin_name iomem_wdata[25] -layer met2 -location {761.07 0} -force_to_die_boundary
place_pin -pin_name iomem_wdata[26] -layer met2 -location {723.35 0} -force_to_die_boundary
place_pin -pin_name iomem_wdata[27] -layer met2 -location {722.43 0} -force_to_die_boundary
place_pin -pin_name iomem_wdata[28] -layer met2 -location {729.79 0} -force_to_die_boundary
place_pin -pin_name iomem_wdata[29] -layer met2 -location {761.99 0} -force_to_die_boundary
place_pin -pin_name iomem_wdata[2] -layer met2 -location {738.99 0} -force_to_die_boundary
place_pin -pin_name iomem_wdata[30] -layer met2 -location {721.51 0} -force_to_die_boundary
place_pin -pin_name iomem_wdata[31] -layer met2 -location {720.59 0} -force_to_die_boundary
place_pin -pin_name iomem_wdata[3] -layer met2 -location {762.91 0} -force_to_die_boundary
place_pin -pin_name iomem_wdata[4] -layer met2 -location {773.03 0} -force_to_die_boundary
place_pin -pin_name iomem_wdata[5] -layer met2 -location {750.95 0} -force_to_die_boundary
place_pin -pin_name iomem_wdata[6] -layer met2 -location {727.03 0} -force_to_die_boundary
place_pin -pin_name iomem_wdata[7] -layer met2 -location {763.83 0} -force_to_die_boundary
place_pin -pin_name iomem_wdata[8] -layer met2 -location {728.87 0} -force_to_die_boundary
place_pin -pin_name iomem_wdata[9] -layer met2 -location {779.47 0} -force_to_die_boundary
place_pin -pin_name iomem_wstrb[0] -layer met2 -location {777.63 0} -force_to_die_boundary
place_pin -pin_name iomem_wstrb[1] -layer met2 -location {764.75 0} -force_to_die_boundary
place_pin -pin_name iomem_wstrb[2] -layer met2 -location {732.55 0} -force_to_die_boundary
place_pin -pin_name iomem_wstrb[3] -layer met2 -location {719.67 0} -force_to_die_boundary
place_pin -pin_name flash_io1_do -layer met2 -location {100.51 0} -force_to_die_boundary
place_pin -pin_name flash_io1_oe -layer met2 -location {101.43 0} -force_to_die_boundary
place_pin -pin_name flash_io2_do -layer met2 -location {102.35 0} -force_to_die_boundary
place_pin -pin_name flash_io2_oe -layer met2 -location {103.27 0} -force_to_die_boundary
place_pin -pin_name flash_io3_do -layer met2 -location {104.19 0} -force_to_die_boundary
place_pin -pin_name flash_io3_oe -layer met2 -location {105.11 0} -force_to_die_boundary
place_pin -pin_name iomem_addr[0] -layer met2 -location {106.03 0} -force_to_die_boundary
place_pin -pin_name iomem_addr[1] -layer met2 -location {106.95 0} -force_to_die_boundary
#Edge: RIGHT
place_pin -pin_name flash_clk -layer met3 -location {1500 748.34} -force_to_die_boundary
place_pin -pin_name flash_csb -layer met3 -location {1500 751.06} -force_to_die_boundary
place_pin -pin_name iomem_valid -layer met3 -location {1500 749.7} -force_to_die_boundary
#Edge: TOP
place_pin -pin_name flash_io0_di -layer met2 -location {1399.55 1500} -force_to_die_boundary
place_pin -pin_name flash_io1_di -layer met2 -location {764.75 1500} -force_to_die_boundary
place_pin -pin_name flash_io2_di -layer met2 -location {1398.63 1500} -force_to_die_boundary
place_pin -pin_name flash_io3_di -layer met2 -location {1397.71 1500} -force_to_die_boundary
place_pin -pin_name iomem_rdata[0] -layer met2 -location {750.03 1500} -force_to_die_boundary
place_pin -pin_name iomem_rdata[10] -layer met2 -location {738.07 1500} -force_to_die_boundary
place_pin -pin_name iomem_rdata[11] -layer met2 -location {741.75 1500} -force_to_die_boundary
place_pin -pin_name iomem_rdata[12] -layer met2 -location {746.35 1500} -force_to_die_boundary
place_pin -pin_name iomem_rdata[13] -layer met2 -location {752.79 1500} -force_to_die_boundary
place_pin -pin_name iomem_rdata[14] -layer met2 -location {753.71 1500} -force_to_die_boundary
place_pin -pin_name iomem_rdata[15] -layer met2 -location {748.19 1500} -force_to_die_boundary
place_pin -pin_name iomem_rdata[16] -layer met2 -location {740.83 1500} -force_to_die_boundary
place_pin -pin_name iomem_rdata[17] -layer met2 -location {755.55 1500} -force_to_die_boundary
place_pin -pin_name iomem_rdata[18] -layer met2 -location {756.47 1500} -force_to_die_boundary
place_pin -pin_name iomem_rdata[19] -layer met2 -location {747.27 1500} -force_to_die_boundary
place_pin -pin_name iomem_rdata[1] -layer met2 -location {757.39 1500} -force_to_die_boundary
place_pin -pin_name iomem_rdata[20] -layer met2 -location {739.91 1500} -force_to_die_boundary
place_pin -pin_name iomem_rdata[21] -layer met2 -location {759.23 1500} -force_to_die_boundary
place_pin -pin_name iomem_rdata[22] -layer met2 -location {737.15 1500} -force_to_die_boundary
place_pin -pin_name iomem_rdata[23] -layer met2 -location {750.95 1500} -force_to_die_boundary
place_pin -pin_name iomem_rdata[24] -layer met2 -location {735.31 1500} -force_to_die_boundary
place_pin -pin_name iomem_rdata[25] -layer met2 -location {760.15 1500} -force_to_die_boundary
place_pin -pin_name iomem_rdata[26] -layer met2 -location {745.43 1500} -force_to_die_boundary
place_pin -pin_name iomem_rdata[27] -layer met2 -location {754.63 1500} -force_to_die_boundary
place_pin -pin_name iomem_rdata[28] -layer met2 -location {761.99 1500} -force_to_die_boundary
place_pin -pin_name iomem_rdata[29] -layer met2 -location {751.87 1500} -force_to_die_boundary
place_pin -pin_name iomem_rdata[2] -layer met2 -location {744.51 1500} -force_to_die_boundary
place_pin -pin_name iomem_rdata[30] -layer met2 -location {738.99 1500} -force_to_die_boundary
place_pin -pin_name iomem_rdata[31] -layer met2 -location {749.11 1500} -force_to_die_boundary
place_pin -pin_name iomem_rdata[3] -layer met2 -location {762.91 1500} -force_to_die_boundary
place_pin -pin_name iomem_rdata[4] -layer met2 -location {743.59 1500} -force_to_die_boundary
place_pin -pin_name iomem_rdata[5] -layer met2 -location {763.83 1500} -force_to_die_boundary
place_pin -pin_name iomem_rdata[6] -layer met2 -location {758.31 1500} -force_to_die_boundary
place_pin -pin_name iomem_rdata[7] -layer met2 -location {761.07 1500} -force_to_die_boundary
place_pin -pin_name iomem_rdata[8] -layer met2 -location {742.67 1500} -force_to_die_boundary
place_pin -pin_name iomem_rdata[9] -layer met2 -location {736.23 1500} -force_to_die_boundary
#Edge: LEFT
place_pin -pin_name clk -layer met3 -location {0 755.14} -force_to_die_boundary
place_pin -pin_name iomem_ready -layer met3 -location {0 749.7} -force_to_die_boundary
place_pin -pin_name irq_5 -layer met3 -location {0 746.98} -force_to_die_boundary
place_pin -pin_name irq_6 -layer met3 -location {0 752.42} -force_to_die_boundary
place_pin -pin_name irq_7 -layer met3 -location {0 753.78} -force_to_die_boundary
place_pin -pin_name resetn -layer met3 -location {0 748.34} -force_to_die_boundary
place_pin -pin_name ser_rx -layer met3 -location {0 745.62} -force_to_die_boundary
place_pin -pin_name ser_tx -layer met3 -location {0 751.06} -force_to_die_boundary
