
===========================================================================
report_checks -unconstrained
===========================================================================
======================= max_ff_n40C_1v95 Corner ===================================

Startpoint: resetn (input port clocked by clk)
Endpoint: mem_la_write (output port clocked by clk)
Path Group: clk
Path Type: max

Fanout         Cap        Slew       Delay        Time   Description
---------------------------------------------------------------------------------------------
                                  0.000000    0.000000   clock clk (rise edge)
                                  0.000000    0.000000   clock network delay (propagated)
                                  2.000000    2.000000 v input external delay
     1    0.008566    0.500000    0.000000    2.000000 v resetn (in)
                                                         resetn (net)
                      0.500550    0.000275    2.000275 v input34/A (sky130_fd_sc_hd__clkbuf_16)
   140    0.659050    0.200015    0.324024    2.324299 v input34/X (sky130_fd_sc_hd__clkbuf_16)
                                                         net34 (net)
                      0.300058    0.089247    2.413546 v _04953_/B (sky130_fd_sc_hd__and3_1)
     2    0.006432    0.041176    0.215922    2.629468 v _04953_/X (sky130_fd_sc_hd__and3_1)
                                                         net129 (net)
                      0.041179    0.000392    2.629860 v output129/A (sky130_fd_sc_hd__buf_2)
     1    0.033956    0.062318    0.120635    2.750495 v output129/X (sky130_fd_sc_hd__buf_2)
                                                         mem_la_write (net)
                      0.062367    0.001584    2.752079 v mem_la_write (out)
                                              2.752079   data arrival time

                                 10.000000   10.000000   clock clk (rise edge)
                                  0.000000   10.000000   clock network delay (propagated)
                                  0.000000   10.000000   clock reconvergence pessimism
                                 -2.000000    8.000000   output external delay
                                              8.000000   data required time
---------------------------------------------------------------------------------------------
                                              8.000000   data required time
                                             -2.752079   data arrival time
---------------------------------------------------------------------------------------------
                                              5.247921   slack (MET)




===========================================================================
report_checks --slack_max -0.01
============================================================================
======================= max_ff_n40C_1v95 Corner ===================================

No paths found.


===========================================================================
 report_check_types -max_slew -max_cap -max_fanout -violators
============================================================================
======================= max_ff_n40C_1v95 Corner ===================================



===========================================================================
report_parasitic_annotation -report_unannotated
============================================================================
Found 315 unannotated drivers.
 irq[0]
 irq[10]
 irq[11]
 irq[12]
 irq[13]
 irq[14]
 irq[15]
 irq[16]
 irq[17]
 irq[18]
 irq[19]
 irq[1]
 irq[20]
 irq[21]
 irq[22]
 irq[23]
 irq[24]
 irq[25]
 irq[26]
 irq[27]
 irq[28]
 irq[29]
 irq[2]
 irq[30]
 irq[31]
 irq[3]
 irq[4]
 irq[5]
 irq[6]
 irq[7]
 irq[8]
 irq[9]
 pcpi_rd[0]
 pcpi_rd[10]
 pcpi_rd[11]
 pcpi_rd[12]
 pcpi_rd[13]
 pcpi_rd[14]
 pcpi_rd[15]
 pcpi_rd[16]
 pcpi_rd[17]
 pcpi_rd[18]
 pcpi_rd[19]
 pcpi_rd[1]
 pcpi_rd[20]
 pcpi_rd[21]
 pcpi_rd[22]
 pcpi_rd[23]
 pcpi_rd[24]
 pcpi_rd[25]
 pcpi_rd[26]
 pcpi_rd[27]
 pcpi_rd[28]
 pcpi_rd[29]
 pcpi_rd[2]
 pcpi_rd[30]
 pcpi_rd[31]
 pcpi_rd[3]
 pcpi_rd[4]
 pcpi_rd[5]
 pcpi_rd[6]
 pcpi_rd[7]
 pcpi_rd[8]
 pcpi_rd[9]
 pcpi_ready
 pcpi_wait
 pcpi_wr
 clkload0/Y
 clkload1/X
 clkload10/Y
 clkload100/Y
 clkload101/Y
 clkload102/Y
 clkload103/Y
 clkload104/Y
 clkload105/Y
 clkload106/Y
 clkload107/Y
 clkload108/Y
 clkload109/Y
 clkload11/X
 clkload110/Y
 clkload111/Y
 clkload112/Y
 clkload113/Y
 clkload114/Y
 clkload115/Y
 clkload116/Y
 clkload117/Y
 clkload118/X
 clkload119/Y
 clkload12/Y
 clkload120/X
 clkload121/X
 clkload122/Y
 clkload123/Y
 clkload124/Y
 clkload125/X
 clkload126/X
 clkload127/Y
 clkload128/Y
 clkload129/Y
 clkload13/Y
 clkload130/Y
 clkload131/Y
 clkload132/Y
 clkload133/Y
 clkload134/Y
 clkload135/X
 clkload136/Y
 clkload137/Y
 clkload138/Y
 clkload139/X
 clkload14/Y
 clkload140/Y
 clkload141/Y
 clkload15/Y
 clkload16/Y
 clkload17/Y
 clkload18/Y
 clkload19/Y
 clkload2/Y
 clkload20/Y
 clkload21/Y
 clkload22/Y
 clkload23/Y
 clkload24/Y
 clkload25/X
 clkload26/Y
 clkload27/Y
 clkload28/X
 clkload29/Y
 clkload3/X
 clkload30/Y
 clkload31/Y
 clkload32/Y
 clkload33/Y
 clkload34/Y
 clkload35/Y
 clkload36/Y
 clkload37/Y
 clkload38/Y
 clkload39/Y
 clkload4/X
 clkload40/Y
 clkload41/Y
 clkload42/Y
 clkload43/Y
 clkload44/Y
 clkload45/Y
 clkload46/Y
 clkload47/X
 clkload48/Y
 clkload49/Y
 clkload5/Y
 clkload50/Y
 clkload51/Y
 clkload52/Y
 clkload53/Y
 clkload54/X
 clkload55/Y
 clkload56/Y
 clkload57/Y
 clkload58/Y
 clkload59/Y
 clkload6/X
 clkload60/Y
 clkload61/Y
 clkload62/Y
 clkload63/Y
 clkload64/X
 clkload65/Y
 clkload66/X
 clkload67/Y
 clkload68/Y
 clkload69/Y
 clkload7/Y
 clkload70/Y
 clkload71/Y
 clkload72/Y
 clkload73/Y
 clkload74/X
 clkload75/Y
 clkload76/Y
 clkload77/Y
 clkload78/Y
 clkload79/Y
 clkload8/Y
 clkload80/Y
 clkload81/Y
 clkload82/Y
 clkload83/Y
 clkload84/Y
 clkload85/Y
 clkload86/X
 clkload87/X
 clkload88/Y
 clkload89/Y
 clkload9/X
 clkload90/X
 clkload91/X
 clkload92/X
 clkload93/Y
 clkload94/Y
 clkload95/Y
 clkload96/Y
 clkload97/Y
 clkload98/Y
 clkload99/Y
 picorv32_281/HI
 picorv32_282/HI
 picorv32_283/HI
 picorv32_284/HI
 picorv32_285/HI
 picorv32_286/HI
 picorv32_287/HI
 picorv32_288/HI
 picorv32_289/HI
 picorv32_290/HI
 picorv32_291/HI
 picorv32_292/HI
 picorv32_293/HI
 picorv32_294/HI
 picorv32_295/HI
 picorv32_296/HI
 picorv32_297/HI
 picorv32_298/HI
 picorv32_299/HI
 picorv32_300/HI
 picorv32_301/HI
 picorv32_302/HI
 picorv32_303/HI
 picorv32_304/HI
 picorv32_305/HI
 picorv32_306/HI
 picorv32_307/HI
 picorv32_308/HI
 picorv32_309/HI
 picorv32_310/HI
 picorv32_311/HI
 picorv32_312/HI
 picorv32_313/HI
 picorv32_314/HI
 picorv32_315/HI
 picorv32_316/HI
 picorv32_317/HI
 picorv32_318/HI
 picorv32_319/HI
 picorv32_320/HI
 picorv32_321/HI
 picorv32_322/HI
 picorv32_323/HI
 picorv32_324/HI
 picorv32_325/HI
 picorv32_326/HI
 picorv32_327/HI
 picorv32_328/HI
 picorv32_329/HI
 picorv32_330/HI
 picorv32_331/HI
 picorv32_332/HI
 picorv32_333/HI
 picorv32_334/HI
 picorv32_335/HI
 picorv32_336/HI
 picorv32_337/HI
 picorv32_338/HI
 picorv32_339/HI
 picorv32_340/HI
 picorv32_341/HI
 picorv32_342/HI
 picorv32_343/HI
 picorv32_344/HI
 picorv32_345/HI
 picorv32_346/HI
 picorv32_347/HI
 picorv32_348/HI
 picorv32_349/HI
 picorv32_350/HI
 picorv32_351/HI
 picorv32_352/HI
 picorv32_353/HI
 picorv32_354/HI
 picorv32_355/HI
 picorv32_356/HI
 picorv32_357/HI
 picorv32_358/HI
 picorv32_359/HI
 picorv32_360/HI
 picorv32_361/HI
 picorv32_362/HI
 picorv32_363/HI
 picorv32_364/HI
 picorv32_365/HI
 picorv32_366/HI
 picorv32_367/HI
 picorv32_368/HI
 picorv32_369/HI
 picorv32_370/HI
 picorv32_371/HI
 picorv32_372/HI
 picorv32_373/HI
 picorv32_374/HI
 picorv32_375/HI
 picorv32_376/HI
 picorv32_377/HI
 picorv32_378/HI
 picorv32_379/HI
 picorv32_380/HI
 picorv32_381/HI
 picorv32_382/HI
 picorv32_383/HI
 picorv32_384/HI
 picorv32_385/HI
 picorv32_386/HI
Found 0 partially unannotated drivers.

===========================================================================
max slew violation count 0
max fanout violation count 0
max cap violation count 0
============================================================================

===========================================================================
check_setup -verbose -unconstrained_endpoints -multiple_clock -no_clock -no_input_delay -loops -generated_clocks
===========================================================================
Warning: There are 106 unconstrained endpoints.
  eoi[0]
  eoi[10]
  eoi[11]
  eoi[12]
  eoi[13]
  eoi[14]
  eoi[15]
  eoi[16]
  eoi[17]
  eoi[18]
  eoi[19]
  eoi[1]
  eoi[20]
  eoi[21]
  eoi[22]
  eoi[23]
  eoi[24]
  eoi[25]
  eoi[26]
  eoi[27]
  eoi[28]
  eoi[29]
  eoi[2]
  eoi[30]
  eoi[31]
  eoi[3]
  eoi[4]
  eoi[5]
  eoi[6]
  eoi[7]
  eoi[8]
  eoi[9]
  mem_addr[0]
  mem_addr[1]
  mem_la_addr[0]
  mem_la_addr[1]
  pcpi_insn[0]
  pcpi_insn[10]
  pcpi_insn[11]
  pcpi_insn[12]
  pcpi_insn[13]
  pcpi_insn[14]
  pcpi_insn[15]
  pcpi_insn[16]
  pcpi_insn[17]
  pcpi_insn[18]
  pcpi_insn[19]
  pcpi_insn[1]
  pcpi_insn[20]
  pcpi_insn[21]
  pcpi_insn[22]
  pcpi_insn[23]
  pcpi_insn[24]
  pcpi_insn[25]
  pcpi_insn[26]
  pcpi_insn[27]
  pcpi_insn[28]
  pcpi_insn[29]
  pcpi_insn[2]
  pcpi_insn[30]
  pcpi_insn[31]
  pcpi_insn[3]
  pcpi_insn[4]
  pcpi_insn[5]
  pcpi_insn[6]
  pcpi_insn[7]
  pcpi_insn[8]
  pcpi_insn[9]
  pcpi_valid
  trace_data[0]
  trace_data[10]
  trace_data[11]
  trace_data[12]
  trace_data[13]
  trace_data[14]
  trace_data[15]
  trace_data[16]
  trace_data[17]
  trace_data[18]
  trace_data[19]
  trace_data[1]
  trace_data[20]
  trace_data[21]
  trace_data[22]
  trace_data[23]
  trace_data[24]
  trace_data[25]
  trace_data[26]
  trace_data[27]
  trace_data[28]
  trace_data[29]
  trace_data[2]
  trace_data[30]
  trace_data[31]
  trace_data[32]
  trace_data[33]
  trace_data[34]
  trace_data[35]
  trace_data[3]
  trace_data[4]
  trace_data[5]
  trace_data[6]
  trace_data[7]
  trace_data[8]
  trace_data[9]
  trace_valid
