Clock: clk
Sources: clk 
Generated: no
Virtual: yes
Propagated: no
Period: 10.000000

===========================================================================
report_clock_properties
============================================================================
Clock                   Period          Waveform
----------------------------------------------------
clk                  10.000000    0.000000  5.000000

===========================================================================
report_clock_latency
============================================================================
Clock clk
rise -> rise
    min     max
0.000000 0.000000 source latency
0.490375         network latency _10891_/CLK
        0.665581 network latency _11301_/CLK
---------------
0.490375 0.665581 latency
        0.175206 skew

fall -> fall
    min     max
0.000000 0.000000 source latency
0.558301         network latency _10891_/CLK
        0.720374 network latency _11301_/CLK
---------------
0.558301 0.720374 latency
        0.162073 skew



===========================================================================
report_clock_min_period
============================================================================
clk period_min = 4.53 fmax = 220.82
