
===========================================================================
 report_power
============================================================================
======================= nom_tt_025C_1v80 Corner ===================================

Group                    Internal    Switching      Leakage        Total
                            Power        Power        Power        Power (Watts)
------------------------------------------------------------------------
Sequential           7.071359e-03 1.639731e-03 1.367217e-08 8.711104e-03  66.4%
Combinational        3.044698e-03 1.371605e-03 2.363178e-08 4.416327e-03  33.6%
Clock                0.000000e+00 0.000000e+00 0.000000e+00 0.000000e+00   0.0%
Macro                0.000000e+00 0.000000e+00 0.000000e+00 0.000000e+00   0.0%
Pad                  0.000000e+00 0.000000e+00 0.000000e+00 0.000000e+00   0.0%
------------------------------------------------------------------------
Total                1.011601e-02 3.011334e-03 3.730511e-08 1.312738e-02 100.0%
                            77.1%        22.9%         0.0%

