
===========================================================================
 report_power
============================================================================
======================= min_tt_025C_1v80 Corner ===================================

Group                    Internal    Switching      Leakage        Total
                            Power        Power        Power        Power (Watts)
------------------------------------------------------------------------
Sequential           6.896181e-03 1.305353e-03 1.299839e-08 8.201548e-03  42.1%
Combinational        2.653127e-03 3.900410e-03 3.112185e-08 6.553568e-03  33.6%
Clock                2.105549e-03 2.629366e-03 1.622245e-08 4.734931e-03  24.3%
Macro                0.000000e+00 0.000000e+00 0.000000e+00 0.000000e+00   0.0%
Pad                  0.000000e+00 0.000000e+00 0.000000e+00 0.000000e+00   0.0%
------------------------------------------------------------------------
Total                1.165489e-02 7.835129e-03 6.034369e-08 1.949008e-02 100.0%
                            59.8%        40.2%         0.0%

