
===========================================================================
 report_power
============================================================================
======================= nom_tt_025C_1v80 Corner ===================================

Group                    Internal    Switching      Leakage        Total
                            Power        Power        Power        Power (Watts)
------------------------------------------------------------------------
Sequential           8.770406e-12 1.437276e-11 1.299596e-08 1.301910e-08  22.9%
Combinational        2.581719e-11 3.524900e-11 2.916693e-08 2.922799e-08  51.5%
Clock                -1.530373e-17 0.000000e+00 1.454166e-08 1.454166e-08  25.6%
Macro                0.000000e+00 0.000000e+00 0.000000e+00 0.000000e+00   0.0%
Pad                  0.000000e+00 0.000000e+00 0.000000e+00 0.000000e+00   0.0%
------------------------------------------------------------------------
Total                3.458746e-11 4.962178e-11 5.670504e-08 5.678925e-08 100.0%
                             0.1%         0.1%        99.9%

