OpenROAD edf00dff99f6c40d67a30c0e22a8191c5d2ed9d6 
Features included (+) or not (-): +Charts +GPU +GUI +Python
This program is licensed under the BSD-3 license. See the LICENSE file for details.
Components of this program may be licensed under more restrictive licenses which must be honored.
[INFO ORD-0030] Using 14 thread(s).
[INFO CTS-0050] Root buffer is sky130_fd_sc_hd__clkbuf_4.
[INFO CTS-0051] Sink buffer is sky130_fd_sc_hd__clkbuf_4.
[INFO CTS-0052] The following clock buffers will be used for CTS:
                    sky130_fd_sc_hd__clkbuf_1
                    sky130_fd_sc_hd__clkbuf_2
                    sky130_fd_sc_hd__clkbuf_4
[INFO CTS-0049] Characterization buffer is sky130_fd_sc_hd__clkbuf_4.
[INFO CTS-0001] Running TritonCTS with user-specified clock roots: clk.
[INFO CTS-0095] Net "clk" found.
[INFO CTS-0010]  Clock net "clk" has 13771 sinks.
[INFO CTS-0008] TritonCTS found 1 clock nets.
[INFO CTS-0097] Characterization used 3 buffer(s) types.
[INFO CTS-0200] 0 placement blockages have been identified.
[INFO CTS-0201] 0 placed hard macros will be treated like blockages.
[INFO CTS-0027] Generating H-Tree topology for net clk.
[INFO CTS-0028]  Total number of sinks: 13771.
[INFO CTS-0030]  Number of static layers: 0.
[INFO CTS-0020]  Wire segment unit: 13600  dbu (13 um).
[INFO CTS-0023]  Original sink region: [(265685, 55700), (1346685, 1334100)].
[INFO CTS-0024]  Normalized sink region: [(19.5357, 4.09559), (99.021, 98.0956)].
[INFO CTS-0025]     Width:  79.4853.
[INFO CTS-0026]     Height: 94.0000.
 Level 1
    Direction: Vertical
    Sinks per sub-region: 6886
    Sub-region size: 79.4853 X 47.0000
[INFO CTS-0034]     Segment length (rounded): 24.
 Level 2
    Direction: Horizontal
    Sinks per sub-region: 3443
    Sub-region size: 39.7426 X 47.0000
[INFO CTS-0034]     Segment length (rounded): 20.
 Level 3
    Direction: Vertical
    Sinks per sub-region: 1722
    Sub-region size: 39.7426 X 23.5000
[INFO CTS-0034]     Segment length (rounded): 12.
 Level 4
    Direction: Horizontal
    Sinks per sub-region: 861
    Sub-region size: 19.8713 X 23.5000
[INFO CTS-0034]     Segment length (rounded): 10.
 Level 5
    Direction: Vertical
    Sinks per sub-region: 431
    Sub-region size: 19.8713 X 11.7500
[INFO CTS-0034]     Segment length (rounded): 6.
 Level 6
    Direction: Horizontal
    Sinks per sub-region: 216
    Sub-region size: 9.9357 X 11.7500
[INFO CTS-0034]     Segment length (rounded): 4.
 Level 7
    Direction: Vertical
    Sinks per sub-region: 108
    Sub-region size: 9.9357 X 5.8750
[INFO CTS-0034]     Segment length (rounded): 2.
 Level 8
    Direction: Horizontal
    Sinks per sub-region: 54
    Sub-region size: 4.9678 X 5.8750
[INFO CTS-0034]     Segment length (rounded): 2.
 Level 9
    Direction: Vertical
    Sinks per sub-region: 27
    Sub-region size: 4.9678 X 2.9375
[INFO CTS-0034]     Segment length (rounded): 1.
 Level 10
    Direction: Horizontal
    Sinks per sub-region: 14
    Sub-region size: 2.4839 X 2.9375
[INFO CTS-0034]     Segment length (rounded): 1.
[INFO CTS-0032]  Stop criterion found. Max number of sinks is 15.
[INFO CTS-0035]  Number of sinks covered: 13771.
[INFO CTS-0018]     Created 1101 clock buffers.
[INFO CTS-0012]     Minimum number of buffers in the clock path: 5.
[INFO CTS-0013]     Maximum number of buffers in the clock path: 5.
[INFO CTS-0015]     Created 1101 clock nets.
[INFO CTS-0016]     Fanout distribution for the current clock = 3:1, 4:8, 5:20, 6:40, 7:44, 8:63, 9:69, 10:91, 11:65, 12:94, 13:90, 14:63, 15:57, 16:53, 17:42, 18:60, 19:44, 20:28, 21:13, 22:14, 23:7, 24:11, 25:14, 26:13, 27:7, 28:5, 29:3, 30:3, 31:1, 34:1..
[INFO CTS-0017]     Max level of the clock tree: 10.
[INFO CTS-0098] Clock net "clk"
[INFO CTS-0099]  Sinks 14720
[INFO CTS-0100]  Leaf buffers 0
[INFO CTS-0101]  Average sink wire length 1608.84 um
[INFO CTS-0102]  Path depth 5 - 5
[INFO CTS-0207]  Leaf load cells 949
[INFO RSZ-0046] Found 13752 endpoints with hold violations.
[INFO RSZ-0032] Inserted 16552 hold buffers.
Placement Analysis
---------------------------------
total displacement      99176.7 u
average displacement        1.0 u
max displacement           40.5 u
original HPWL         2232256.3 u
legalized HPWL        2357546.3 u
delta HPWL                    6 %

