OpenROAD edf00dff99f6c40d67a30c0e22a8191c5d2ed9d6 
Features included (+) or not (-): +Charts +GPU +GUI +Python
This program is licensed under the BSD-3 license. See the LICENSE file for details.
Components of this program may be licensed under more restrictive licenses which must be honored.
=== Generating AES abstract LEF from routed DEF ===
[INFO ODB-0227] LEF file: /Users/hello.welcometothisdevice/.ciel/ciel/sky130/versions/0fe599b2afb6708d281543108caf8310912f54af/sky130A/libs.ref/sky130_fd_sc_hd/techlef/sky130_fd_sc_hd__nom.tlef, created 14 layers, 25 vias
[WARNING ODB-0220] WARNING (LEFPARS-2008): NOWIREEXTENSIONATPIN statement is obsolete in version 5.6 or later.
The NOWIREEXTENSIONATPIN statement will be ignored. See file /Users/hello.welcometothisdevice/.ciel/ciel/sky130/versions/0fe599b2afb6708d281543108caf8310912f54af/sky130A/libs.ref/sky130_fd_sc_hd/lef/sky130_fd_sc_hd.lef at line 2.

[INFO ODB-0227] LEF file: /Users/hello.welcometothisdevice/.ciel/ciel/sky130/versions/0fe599b2afb6708d281543108caf8310912f54af/sky130A/libs.ref/sky130_fd_sc_hd/lef/sky130_fd_sc_hd.lef, created 437 library cells
Reading AES DEF...
[INFO ODB-0127] Reading DEF file: /Users/hello.welcometothisdevice/CAD-Project-AES128-DMA-/pico_aes_soc/src/our_runs/run_com/aes_macro.def
[INFO ODB-0128] Design: aes
[INFO ODB-0130]     Created 76 pins.
[INFO ODB-0131]     Created 70276 components and 355875 component-terminals.
[INFO ODB-0132]     Created 2 special nets and 281104 connections.
[INFO ODB-0133]     Created 19410 nets and 74582 connections.
[INFO ODB-0134] Finished DEF file: /Users/hello.welcometothisdevice/CAD-Project-AES128-DMA-/pico_aes_soc/src/our_runs/run_com/aes_macro.def
Writing abstract LEF...
✓ Written: /Users/hello.welcometothisdevice/CAD-Project-AES128-DMA-/pico_aes_soc/src/our_runs/run_com/aes_abstract.lef
Current SIZE:   CUTSIZE 0.15 0.15 ;
  CUTSIZE 0.2 0.2 ;
  CUTSIZE 0.2 0.2 ;
  CUTSIZE 0.8 0.8 ;
  CUTSIZE 0.8 0.8 ;
  SIZE 884 BY 818.84 ;
SIZE looks correct, no fix needed

Final verification:
