Clock: clk
Sources: clk 
Generated: no
Virtual: yes
Propagated: no
Period: 10.000000

===========================================================================
report_clock_properties
============================================================================
Clock                   Period          Waveform
----------------------------------------------------
clk                  10.000000    0.000000  5.000000

===========================================================================
report_clock_latency
============================================================================
Clock clk
rise -> rise
    min     max
0.000000 0.000000 source latency
0.471745         network latency _10891_/CLK
        0.636509 network latency _11301_/CLK
---------------
0.471745 0.636509 latency
        0.164764 skew

fall -> fall
    min     max
0.000000 0.000000 source latency
0.541645         network latency _10891_/CLK
        0.692480 network latency _11301_/CLK
---------------
0.541645 0.692480 latency
        0.150835 skew



===========================================================================
report_clock_min_period
============================================================================
clk period_min = 4.43 fmax = 225.86
