
===========================================================================
 report_power
============================================================================
======================= nom_ff_n40C_1v95 Corner ===================================

Group                    Internal    Switching      Leakage        Total
                            Power        Power        Power        Power (Watts)
------------------------------------------------------------------------
Sequential           1.025437e-11 1.529380e-11 3.247666e-08 3.250220e-08  39.8%
Combinational        4.869809e-11 1.429432e-11 4.919993e-08 4.926292e-08  60.2%
Clock                0.000000e+00 0.000000e+00 0.000000e+00 0.000000e+00   0.0%
Macro                0.000000e+00 0.000000e+00 0.000000e+00 0.000000e+00   0.0%
Pad                  0.000000e+00 0.000000e+00 0.000000e+00 0.000000e+00   0.0%
------------------------------------------------------------------------
Total                5.895294e-11 2.958818e-11 8.167591e-08 8.176445e-08 100.0%
                             0.1%         0.0%        99.9%

