┏━━━━━━━━━━━━━━━━━━━━━━┳━━━━━━━━━━┳━━━━━━━━━━┳━━━━━━━━━━┳━━━━━━━━━━┳━━━━━━━━━━━┳━━━━━━━━━━┳━━━━━━━━━━━┳━━━━━━━━━━┳━━━━━━━━━━━┳━━━━━━━━━━┳━━━━━━━━━━━┳━━━━━━━━━━┓
┃                      ┃ Hold     ┃ Reg to   ┃          ┃          ┃ of which  ┃ Setup    ┃           ┃          ┃           ┃ of which ┃           ┃          ┃
┃                      ┃ Worst    ┃ Reg      ┃          ┃ Hold Vio ┃ reg to    ┃ Worst    ┃ Reg to    ┃ Setup    ┃ Setup Vio ┃ reg to   ┃ Max Cap   ┃ Max Slew ┃
┃ Corner/Group         ┃ Slack    ┃ Paths    ┃ Hold TNS ┃ Count    ┃ reg       ┃ Slack    ┃ Reg Paths ┃ TNS      ┃ Count     ┃ reg      ┃ Violatio… ┃ Violati… ┃
┡━━━━━━━━━━━━━━━━━━━━━━╇━━━━━━━━━━╇━━━━━━━━━━╇━━━━━━━━━━╇━━━━━━━━━━╇━━━━━━━━━━━╇━━━━━━━━━━╇━━━━━━━━━━━╇━━━━━━━━━━╇━━━━━━━━━━━╇━━━━━━━━━━╇━━━━━━━━━━━╇━━━━━━━━━━┩
│ Overall              │ 0.2829   │ 0.2829   │ 0.0000   │ 0        │ 0         │ -4.3767  │ -4.3767   │ -176.20… │ 463       │ 463      │ 26        │ 834      │
│ nom_tt_025C_1v80     │ 0.4403   │ 0.4403   │ 0.0000   │ 0        │ 0         │ 2.9210   │ 2.9210    │ 0.0000   │ 0         │ 0        │ 0         │ 0        │
│ nom_ss_100C_1v60     │ 0.8669   │ 0.8669   │ 0.0000   │ 0        │ 0         │ -4.1166  │ -4.1166   │ -145.04… │ 154       │ 154      │ 25        │ 764      │
│ nom_ff_n40C_1v95     │ 0.2842   │ 0.2842   │ 0.0000   │ 0        │ 0         │ 5.2525   │ 5.5724    │ 0.0000   │ 0         │ 0        │ 0         │ 0        │
│ min_tt_025C_1v80     │ 0.4389   │ 0.4389   │ 0.0000   │ 0        │ 0         │ 3.0590   │ 3.0590    │ 0.0000   │ 0         │ 0        │ 0         │ 0        │
│ min_ss_100C_1v60     │ 0.8644   │ 0.8644   │ 0.0000   │ 0        │ 0         │ -3.8845  │ -3.8845   │ -117.06… │ 148       │ 148      │ 22        │ 639      │
│ min_ff_n40C_1v95     │ 0.2829   │ 0.2829   │ 0.0000   │ 0        │ 0         │ 5.2563   │ 5.6604    │ 0.0000   │ 0         │ 0        │ 0         │ 0        │
│ max_tt_025C_1v80     │ 0.4421   │ 0.4421   │ 0.0000   │ 0        │ 0         │ 2.7653   │ 2.7653    │ 0.0000   │ 0         │ 0        │ 0         │ 0        │
│ max_ss_100C_1v60     │ 0.8699   │ 0.8699   │ 0.0000   │ 0        │ 0         │ -4.3767  │ -4.3767   │ -176.20… │ 161       │ 161      │ 26        │ 834      │
│ max_ff_n40C_1v95     │ 0.2859   │ 0.2859   │ 0.0000   │ 0        │ 0         │ 5.2479   │ 5.4714    │ 0.0000   │ 0         │ 0        │ 0         │ 0        │
└──────────────────────┴──────────┴──────────┴──────────┴──────────┴───────────┴──────────┴───────────┴──────────┴───────────┴──────────┴───────────┴──────────┘
