Clock: clk
Sources: clk 
Generated: no
Virtual: yes
Propagated: no
Period: 10.000000

===========================================================================
report_clock_properties
============================================================================
Clock                   Period          Waveform
----------------------------------------------------
clk                  10.000000    0.000000  5.000000

===========================================================================
report_clock_latency
============================================================================
Clock clk
rise -> rise
    min     max
0.000000 0.000000 source latency
0.744434         network latency _10891_/CLK
        1.000544 network latency _11301_/CLK
---------------
0.744434 1.000544 latency
        0.256111 skew

fall -> fall
    min     max
0.000000 0.000000 source latency
0.745650         network latency _10891_/CLK
        0.975883 network latency _11301_/CLK
---------------
0.745650 0.975883 latency
        0.230234 skew



===========================================================================
report_clock_min_period
============================================================================
clk period_min = 7.23 fmax = 138.22
