                                                                       Cells by Function                                                                        
┏━━━━━━━━━━━━━━━━━━━━━━━━━━━━━━━━━━━━━━━━━━━━━━━━━━━━━━━━━━━━━━━━━━━━━━━━━━━━━━━━━━━━━━━━━━━━━━━━━━━━━━━━━━━━━━━━━━━━━━━━━━━━━━━━━┳━━━━━━━━━━━━━━━━━━━━━━━━━━━━┓
┃ Cell Function                                                                                                                   ┃ Count                      ┃
┡━━━━━━━━━━━━━━━━━━━━━━━━━━━━━━━━━━━━━━━━━━━━━━━━━━━━━━━━━━━━━━━━━━━━━━━━━━━━━━━━━━━━━━━━━━━━━━━━━━━━━━━━━━━━━━━━━━━━━━━━━━━━━━━━━╇━━━━━━━━━━━━━━━━━━━━━━━━━━━━┩
│ sky130_ef_sc_hd__decap                                                                                                          │ 3376                       │
│ sky130_fd_sc_hd__a2111o                                                                                                         │ 5                          │
│ sky130_fd_sc_hd__a211o                                                                                                          │ 98                         │
│ sky130_fd_sc_hd__a211oi                                                                                                         │ 4                          │
│ sky130_fd_sc_hd__a21bo                                                                                                          │ 13                         │
│ sky130_fd_sc_hd__a21boi                                                                                                         │ 3                          │
│ sky130_fd_sc_hd__a21o                                                                                                           │ 208                        │
│ sky130_fd_sc_hd__a21oi                                                                                                          │ 133                        │
│ sky130_fd_sc_hd__a221o                                                                                                          │ 107                        │
│ sky130_fd_sc_hd__a221oi                                                                                                         │ 1                          │
│ sky130_fd_sc_hd__a22o                                                                                                           │ 200                        │
│ sky130_fd_sc_hd__a22oi                                                                                                          │ 2                          │
│ sky130_fd_sc_hd__a2bb2o                                                                                                         │ 14                         │
│ sky130_fd_sc_hd__a311o                                                                                                          │ 9                          │
│ sky130_fd_sc_hd__a311oi                                                                                                         │ 2                          │
│ sky130_fd_sc_hd__a31o                                                                                                           │ 92                         │
│ sky130_fd_sc_hd__a31oi                                                                                                          │ 4                          │
│ sky130_fd_sc_hd__a32o                                                                                                           │ 33                         │
│ sky130_fd_sc_hd__a41o                                                                                                           │ 8                          │
│ sky130_fd_sc_hd__and2                                                                                                           │ 134                        │
│ sky130_fd_sc_hd__and2b                                                                                                          │ 41                         │
│ sky130_fd_sc_hd__and3                                                                                                           │ 114                        │
│ sky130_fd_sc_hd__and3b                                                                                                          │ 44                         │
│ sky130_fd_sc_hd__and4                                                                                                           │ 50                         │
│ sky130_fd_sc_hd__and4b                                                                                                          │ 9                          │
│ sky130_fd_sc_hd__and4bb                                                                                                         │ 2                          │
│ sky130_fd_sc_hd__buf                                                                                                            │ 267                        │
│ sky130_fd_sc_hd__clkbuf                                                                                                         │ 55                         │
│ sky130_fd_sc_hd__clkinv                                                                                                         │ 5                          │
│ sky130_fd_sc_hd__conb                                                                                                           │ 106                        │
│ sky130_fd_sc_hd__decap                                                                                                          │ 4488                       │
│ sky130_fd_sc_hd__dfxtp                                                                                                          │ 1597                       │
│ sky130_fd_sc_hd__diode                                                                                                          │ 44                         │
│ sky130_fd_sc_hd__dlymetal6s2s                                                                                                   │ 7                          │
│ sky130_fd_sc_hd__fill                                                                                                           │ 3235                       │
│ sky130_fd_sc_hd__inv                                                                                                            │ 65                         │
│ sky130_fd_sc_hd__mux2                                                                                                           │ 1452                       │
│ sky130_fd_sc_hd__mux4                                                                                                           │ 537                        │
│ sky130_fd_sc_hd__nand2                                                                                                          │ 177                        │
│ sky130_fd_sc_hd__nand2b                                                                                                         │ 16                         │
│ sky130_fd_sc_hd__nand3                                                                                                          │ 12                         │
│ sky130_fd_sc_hd__nand3b                                                                                                         │ 6                          │
│ sky130_fd_sc_hd__nand4                                                                                                          │ 2                          │
│ sky130_fd_sc_hd__nand4b                                                                                                         │ 1                          │
│ sky130_fd_sc_hd__nor2                                                                                                           │ 270                        │
│ sky130_fd_sc_hd__nor3                                                                                                           │ 10                         │
│ sky130_fd_sc_hd__nor3b                                                                                                          │ 2                          │
│ sky130_fd_sc_hd__nor4                                                                                                           │ 3                          │
│ sky130_fd_sc_hd__o2111a                                                                                                         │ 2                          │
│ sky130_fd_sc_hd__o2111ai                                                                                                        │ 1                          │
│ sky130_fd_sc_hd__o211a                                                                                                          │ 158                        │
│ sky130_fd_sc_hd__o211ai                                                                                                         │ 5                          │
│ sky130_fd_sc_hd__o21a                                                                                                           │ 186                        │
│ sky130_fd_sc_hd__o21ai                                                                                                          │ 112                        │
│ sky130_fd_sc_hd__o21ba                                                                                                          │ 14                         │
│ sky130_fd_sc_hd__o21bai                                                                                                         │ 6                          │
│ sky130_fd_sc_hd__o221a                                                                                                          │ 17                         │
│ sky130_fd_sc_hd__o22a                                                                                                           │ 63                         │
│ sky130_fd_sc_hd__o2bb2a                                                                                                         │ 8                          │
│ sky130_fd_sc_hd__o311a                                                                                                          │ 7                          │
│ sky130_fd_sc_hd__o311ai                                                                                                         │ 1                          │
│ sky130_fd_sc_hd__o31a                                                                                                           │ 15                         │
│ sky130_fd_sc_hd__o31ai                                                                                                          │ 5                          │
│ sky130_fd_sc_hd__o32a                                                                                                           │ 7                          │
│ sky130_fd_sc_hd__o41a                                                                                                           │ 13                         │
│ sky130_fd_sc_hd__or2                                                                                                            │ 289                        │
│ sky130_fd_sc_hd__or3                                                                                                            │ 38                         │
│ sky130_fd_sc_hd__or3b                                                                                                           │ 20                         │
│ sky130_fd_sc_hd__or4                                                                                                            │ 27                         │
│ sky130_fd_sc_hd__or4b                                                                                                           │ 8                          │
│ sky130_fd_sc_hd__or4bb                                                                                                          │ 2                          │
│ sky130_fd_sc_hd__tapvpwrvgnd                                                                                                    │ 2496                       │
│ sky130_fd_sc_hd__xnor2                                                                                                          │ 35                         │
│ sky130_fd_sc_hd__xor2                                                                                                           │ 33                         │
└─────────────────────────────────────────────────────────────────────────────────────────────────────────────────────────────────┴────────────────────────────┘
