Clock: clk
Sources: clk 
Generated: no
Virtual: yes
Propagated: no
Period: 10.000000

===========================================================================
report_clock_properties
============================================================================
Clock                   Period          Waveform
----------------------------------------------------
clk                  10.000000    0.000000  5.000000

===========================================================================
report_clock_latency
============================================================================
Clock clk
rise -> rise
    min     max
0.000000 0.000000 source latency
1.205954         network latency _10891_/CLK
        1.632558 network latency _11301_/CLK
---------------
1.205954 1.632558 latency
        0.426605 skew

fall -> fall
    min     max
0.000000 0.000000 source latency
1.118045         network latency _10891_/CLK
        1.502921 network latency _11301_/CLK
---------------
1.118045 1.502921 latency
        0.384876 skew



===========================================================================
report_clock_min_period
============================================================================
clk period_min = 14.12 fmax = 70.84
