
===========================================================================
 report_power
============================================================================
======================= nom_ss_100C_1v60 Corner ===================================

Group                    Internal    Switching      Leakage        Total
                            Power        Power        Power        Power (Watts)
------------------------------------------------------------------------
Sequential           5.357729e-03 1.096782e-03 2.212314e-05 6.476634e-03  41.5%
Combinational        2.092388e-03 3.202128e-03 3.334619e-05 5.327862e-03  34.1%
Clock                1.726022e-03 2.088989e-03 3.007416e-06 3.818019e-03  24.4%
Macro                0.000000e+00 0.000000e+00 0.000000e+00 0.000000e+00   0.0%
Pad                  0.000000e+00 0.000000e+00 0.000000e+00 0.000000e+00   0.0%
------------------------------------------------------------------------
Total                9.176133e-03 6.387901e-03 5.847457e-05 1.562251e-02 100.0%
                            58.7%        40.9%         0.4%

