
===========================================================================
 report_power
============================================================================
======================= nom_ss_100C_1v60 Corner ===================================

Group                    Internal    Switching      Leakage        Total
                            Power        Power        Power        Power (Watts)
------------------------------------------------------------------------
Sequential           5.703932e-03 1.266925e-03 2.390378e-05 6.994761e-03  67.5%
Combinational        2.269011e-03 1.070310e-03 2.949192e-05 3.368813e-03  32.5%
Clock                0.000000e+00 0.000000e+00 0.000000e+00 0.000000e+00   0.0%
Macro                0.000000e+00 0.000000e+00 0.000000e+00 0.000000e+00   0.0%
Pad                  0.000000e+00 0.000000e+00 0.000000e+00 0.000000e+00   0.0%
------------------------------------------------------------------------
Total                7.972979e-03 2.337233e-03 5.339559e-05 1.036361e-02 100.0%
                            76.9%        22.6%         0.5%

