Clock: clk
Sources: clk 
Generated: no
Virtual: yes
Propagated: no
Period: 10.000000

===========================================================================
report_clock_properties
============================================================================
Clock                   Period          Waveform
----------------------------------------------------
clk                  10.000000    0.000000  5.000000

===========================================================================
report_clock_latency
============================================================================
Clock clk
rise -> rise
    min     max
0.000000 0.000000 source latency
0.720709         network latency _10891_/CLK
        0.963115 network latency _11301_/CLK
---------------
0.720709 0.963115 latency
        0.242406 skew

fall -> fall
    min     max
0.000000 0.000000 source latency
0.724450         network latency _10891_/CLK
        0.942043 network latency _11301_/CLK
---------------
0.724450 0.942043 latency
        0.217594 skew



===========================================================================
report_clock_min_period
============================================================================
clk period_min = 7.08 fmax = 141.26
