
===========================================================================
 report_power
============================================================================
======================= nom_tt_025C_1v80 Corner ===================================

Group                    Internal    Switching      Leakage        Total
                            Power        Power        Power        Power (Watts)
------------------------------------------------------------------------
Sequential           7.122170e-03 2.315755e-03 1.367217e-08 9.437939e-03  64.9%
Combinational        3.205968e-03 1.889941e-03 2.363178e-08 5.095933e-03  35.1%
Clock                0.000000e+00 0.000000e+00 9.979303e-10 9.979303e-10   0.0%
Macro                0.000000e+00 0.000000e+00 0.000000e+00 0.000000e+00   0.0%
Pad                  0.000000e+00 0.000000e+00 0.000000e+00 0.000000e+00   0.0%
------------------------------------------------------------------------
Total                1.032815e-02 4.205696e-03 3.830305e-08 1.453389e-02 100.0%
                            71.1%        28.9%         0.0%
Writing metric power__internal__total: 0.010328151285648346
Writing metric power__switching__total: 0.004205695819109678
Writing metric power__leakage__total: 3.830305317364946e-8
Writing metric power__total: 0.01453388575464487

