violation type: Horizontal congestion
	srcs: net:memory.rdata[28] 
	congestion information: capacity:0 usage:1 overflow:1
	bbox = ( 303.6, 641.7 ) - ( 310.5, 648.6) on Layer -
violation type: Horizontal congestion
	srcs: net:_10632_ 
	congestion information: capacity:0 usage:1 overflow:1
	bbox = ( 303.6, 683.1 ) - ( 310.5, 690) on Layer -
violation type: Horizontal congestion
	srcs: net:net449 
	congestion information: capacity:0 usage:1 overflow:1
	bbox = ( 331.2, 627.9 ) - ( 338.1, 634.8) on Layer -
violation type: Horizontal congestion
	srcs: net:memory.rdata[14] 
	congestion information: capacity:0 usage:1 overflow:1
	bbox = ( 331.2, 655.5 ) - ( 338.1, 662.4) on Layer -
violation type: Horizontal congestion
	srcs: net:net449 
	congestion information: capacity:0 usage:1 overflow:1
	bbox = ( 338.1, 627.9 ) - ( 345, 634.8) on Layer -
violation type: Horizontal congestion
	srcs: net:memory.rdata[23] net:net2961 
	congestion information: capacity:0 usage:2 overflow:2
	bbox = ( 338.1, 648.6 ) - ( 345, 655.5) on Layer -
violation type: Horizontal congestion
	srcs: net:memory.rdata[14] 
	congestion information: capacity:0 usage:1 overflow:1
	bbox = ( 338.1, 655.5 ) - ( 345, 662.4) on Layer -
violation type: Horizontal congestion
	srcs: net:memory.rdata[18] 
	congestion information: capacity:0 usage:1 overflow:1
	bbox = ( 345, 641.7 ) - ( 351.9, 648.6) on Layer -
violation type: Horizontal congestion
	srcs: net:memory.rdata[22] 
	congestion information: capacity:0 usage:1 overflow:1
	bbox = ( 345, 662.4 ) - ( 351.9, 669.3) on Layer -
violation type: Horizontal congestion
	srcs: net:memory.rdata[0] 
	congestion information: capacity:0 usage:1 overflow:1
	bbox = ( 345, 669.3 ) - ( 351.9, 676.2) on Layer -
violation type: Horizontal congestion
	srcs: net:net2884 
	congestion information: capacity:0 usage:1 overflow:1
	bbox = ( 351.9, 655.5 ) - ( 358.8, 662.4) on Layer -
violation type: Horizontal congestion
	srcs: net:memory.rdata[12] 
	congestion information: capacity:0 usage:1 overflow:1
	bbox = ( 351.9, 662.4 ) - ( 358.8, 669.3) on Layer -
violation type: Horizontal congestion
	srcs: net:memory.rdata[0] 
	congestion information: capacity:0 usage:1 overflow:1
	bbox = ( 351.9, 669.3 ) - ( 358.8, 676.2) on Layer -
violation type: Horizontal congestion
	srcs: net:net453 
	congestion information: capacity:0 usage:1 overflow:1
	bbox = ( 358.8, 655.5 ) - ( 365.7, 662.4) on Layer -
violation type: Horizontal congestion
	srcs: net:net404 
	congestion information: capacity:0 usage:1 overflow:1
	bbox = ( 358.8, 662.4 ) - ( 365.7, 669.3) on Layer -
violation type: Horizontal congestion
	srcs: net:net440 
	congestion information: capacity:0 usage:1 overflow:1
	bbox = ( 379.5, 248.4 ) - ( 386.4, 255.3) on Layer -
violation type: Horizontal congestion
	srcs: net:clknet_1_0__leaf_clk 
	congestion information: capacity:0 usage:1 overflow:1
	bbox = ( 1338.6, 62.1 ) - ( 1345.5, 69) on Layer -
violation type: Horizontal congestion
	srcs: net:net481 
	congestion information: capacity:0 usage:1 overflow:1
	bbox = ( 1338.6, 96.6 ) - ( 1345.5, 103.5) on Layer -
violation type: Vertical congestion
	srcs: net:net449 
	congestion information: capacity:0 usage:1 overflow:1
	bbox = ( 331.2, 627.9 ) - ( 338.1, 634.8) on Layer -
violation type: Vertical congestion
	srcs: net:net449 
	congestion information: capacity:0 usage:1 overflow:1
	bbox = ( 331.2, 634.8 ) - ( 338.1, 641.7) on Layer -
violation type: Vertical congestion
	srcs: net:net449 
	congestion information: capacity:0 usage:1 overflow:1
	bbox = ( 345, 627.9 ) - ( 351.9, 634.8) on Layer -
violation type: Vertical congestion
	srcs: net:net449 
	congestion information: capacity:0 usage:1 overflow:1
	bbox = ( 345, 634.8 ) - ( 351.9, 641.7) on Layer -
violation type: Vertical congestion
	srcs: net:clk net:resetn net:zero_ net:clknet_1_0__leaf_clk net:net468 net:net471 net:net476 net:net478 net:net693 
	congestion information: capacity:8 usage:9 overflow:1
	bbox = ( 1338.6, 62.1 ) - ( 1345.5, 69) on Layer -
violation type: Vertical congestion
	srcs: net:clk net:resetn net:zero_ net:clknet_1_0__leaf_clk net:net468 net:net471 net:net476 net:net478 net:net693 
	congestion information: capacity:8 usage:9 overflow:1
	bbox = ( 1338.6, 69 ) - ( 1345.5, 75.9) on Layer -
