violation type: Horizontal congestion
	srcs: net:memory.rdata[28] 
	congestion information: capacity:0 usage:1 overflow:1
	bbox = ( 303.6, 690 ) - ( 310.5, 696.9) on Layer -
violation type: Horizontal congestion
	srcs: net:memory.rdata[27] 
	congestion information: capacity:0 usage:1 overflow:1
	bbox = ( 324.3, 648.6 ) - ( 331.2, 655.5) on Layer -
violation type: Horizontal congestion
	srcs: net:memory.rdata[25] 
	congestion information: capacity:0 usage:1 overflow:1
	bbox = ( 331.2, 648.6 ) - ( 338.1, 655.5) on Layer -
violation type: Horizontal congestion
	srcs: net:memory.rdata[24] 
	congestion information: capacity:0 usage:1 overflow:1
	bbox = ( 338.1, 662.4 ) - ( 345, 669.3) on Layer -
violation type: Horizontal congestion
	srcs: net:iomem_wdata[30] 
	congestion information: capacity:0 usage:1 overflow:1
	bbox = ( 338.1, 676.2 ) - ( 345, 683.1) on Layer -
violation type: Horizontal congestion
	srcs: net:net409 
	congestion information: capacity:0 usage:1 overflow:1
	bbox = ( 345, 655.5 ) - ( 351.9, 662.4) on Layer -
violation type: Horizontal congestion
	srcs: net:memory.rdata[12] 
	congestion information: capacity:0 usage:1 overflow:1
	bbox = ( 345, 669.3 ) - ( 351.9, 676.2) on Layer -
violation type: Horizontal congestion
	srcs: net:iomem_wdata[29] 
	congestion information: capacity:0 usage:1 overflow:1
	bbox = ( 351.9, 690 ) - ( 358.8, 696.9) on Layer -
violation type: Horizontal congestion
	srcs: net:iomem_wdata[27] 
	congestion information: capacity:0 usage:1 overflow:1
	bbox = ( 358.8, 634.8 ) - ( 365.7, 641.7) on Layer -
violation type: Horizontal congestion
	srcs: net:iomem_wdata[28] 
	congestion information: capacity:0 usage:1 overflow:1
	bbox = ( 358.8, 641.7 ) - ( 365.7, 648.6) on Layer -
violation type: Horizontal congestion
	srcs: net:memory.rdata[14] 
	congestion information: capacity:0 usage:1 overflow:1
	bbox = ( 358.8, 662.4 ) - ( 365.7, 669.3) on Layer -
violation type: Horizontal congestion
	srcs: net:memory.rdata[11] 
	congestion information: capacity:0 usage:1 overflow:1
	bbox = ( 358.8, 669.3 ) - ( 365.7, 676.2) on Layer -
violation type: Horizontal congestion
	srcs: net:iomem_wdata[29] 
	congestion information: capacity:0 usage:1 overflow:1
	bbox = ( 358.8, 690 ) - ( 365.7, 696.9) on Layer -
violation type: Horizontal congestion
	srcs: net:iomem_wdata[28] 
	congestion information: capacity:0 usage:1 overflow:1
	bbox = ( 365.7, 662.4 ) - ( 372.6, 669.3) on Layer -
violation type: Horizontal congestion
	srcs: net:_10613_ 
	congestion information: capacity:0 usage:1 overflow:1
	bbox = ( 393.3, 220.8 ) - ( 400.2, 227.7) on Layer -
violation type: Horizontal congestion
	srcs: net:net690 
	congestion information: capacity:0 usage:1 overflow:1
	bbox = ( 1338.6, 89.7 ) - ( 1345.5, 96.6) on Layer -
violation type: Vertical congestion
	srcs: net:iomem_wdata[30] net:memory.rdata[12] net:memory.rdata[23] net:memory.rdata[5] net:net409 net:net413 net:net434 net:net437 
	congestion information: capacity:7 usage:8 overflow:1
	bbox = ( 345, 669.3 ) - ( 351.9, 676.2) on Layer -
violation type: Vertical congestion
	srcs: net:iomem_wdata[29] net:memory.rdata[15] net:memory.rdata[21] net:memory.rdata[7] net:memory.rdata[9] net:net405 net:net454 
	congestion information: capacity:6 usage:7 overflow:1
	bbox = ( 351.9, 669.3 ) - ( 358.8, 676.2) on Layer -
violation type: Vertical congestion
	srcs: net:iomem_wdata[29] net:memory.rdata[15] net:memory.rdata[21] net:memory.rdata[7] net:memory.rdata[9] net:net405 net:net454 
	congestion information: capacity:6 usage:7 overflow:1
	bbox = ( 351.9, 676.2 ) - ( 358.8, 683.1) on Layer -
violation type: Vertical congestion
	srcs: net:iomem_wdata[29] net:memory.rdata[15] net:memory.rdata[21] net:memory.rdata[7] net:memory.rdata[9] net:net405 net:net454 
	congestion information: capacity:6 usage:7 overflow:1
	bbox = ( 351.9, 683.1 ) - ( 358.8, 690) on Layer -
violation type: Vertical congestion
	srcs: net:iomem_wdata[27] 
	congestion information: capacity:0 usage:1 overflow:1
	bbox = ( 358.8, 634.8 ) - ( 365.7, 641.7) on Layer -
violation type: Vertical congestion
	srcs: net:iomem_wdata[27] 
	congestion information: capacity:0 usage:1 overflow:1
	bbox = ( 365.7, 634.8 ) - ( 372.6, 641.7) on Layer -
violation type: Vertical congestion
	srcs: net:clk net:zero_ net:clknet_0_clk net:clknet_1_0__leaf_clk net:net466 net:net468 net:net472 net:net475 net:net477 
	congestion information: capacity:8 usage:9 overflow:1
	bbox = ( 1338.6, 75.9 ) - ( 1345.5, 82.8) on Layer -
